2025-3-16 13:24:43-log: Cannot access game frame or container.
2025-3-16 13:24:43-debug: asset-db:require-engine-code (2724ms)
2025-3-16 13:24:43-log: Cocos Creator v3.8.1
2025-3-16 13:24:43-debug: [Assets Memory track]: asset-db:worker-init: initEngine start:22.02MB, end 92.38MB, increase: 70.35MB
2025-3-16 13:24:43-debug: [Assets Memory track]: asset-db-plugin-register: programming start:92.99MB, end 94.35MB, increase: 1.36MB
2025-3-16 13:24:53-debug: [Assets Memory track]: asset-db-plugin-register: engine-extends start:94.40MB, end 305.99MB, increase: 211.59MB
2025-3-16 13:24:53-debug: [Assets Memory track]: asset-db-plugin-enable: builder start:94.94MB, end 307.07MB, increase: 212.13MB
2025-3-16 13:24:53-debug: [Assets Memory track]: asset-db:worker-init: initPlugin start:92.39MB, end 306.00MB, increase: 213.61MB
2025-3-16 13:24:53-debug: [Assets Memory track]: asset-db-plugin-enable: project start:94.58MB, end 306.00MB, increase: 211.42MB
2025-3-16 13:24:53-debug: run package(lightmap) handler(enable) start
2025-3-16 13:24:53-debug: run package(lightmap) handler(enable) success!
2025-3-16 13:24:53-debug: run package(node-library) handler(enable) start
2025-3-16 13:24:53-debug: run package(node-library) handler(enable) success!
2025-3-16 13:24:53-debug: run package(package-asset) handler(enable) start
2025-3-16 13:24:53-debug: run package(package-asset) handler(enable) success!
2025-3-16 13:24:53-debug: run package(reference-image) handler(enable) start
2025-3-16 13:24:53-debug: run package(process) handler(enable) success!
2025-3-16 13:24:53-debug: run package(reference-image) handler(enable) success!
2025-3-16 13:24:53-debug: run package(reflection-probe) handler(enable) start
2025-3-16 13:24:53-debug: run package(reflection-probe) handler(enable) success!
2025-3-16 13:24:53-debug: run package(engine-extends) handler(enable) start
2025-3-16 13:24:53-debug: run package(engine-extends) handler(enable) success!
2025-3-16 13:24:53-debug: run package(adsense-h5g-plugin) handler(enable) start
2025-3-16 13:24:53-debug: run package(adsense-h5g-plugin) handler(enable) success!
2025-3-16 13:24:53-debug: run package(alipay-mini-game) handler(enable) start
2025-3-16 13:24:53-debug: run package(process) handler(enable) start
2025-3-16 13:24:53-debug: run package(android) handler(enable) success!
2025-3-16 13:24:53-debug: run package(android) handler(enable) start
2025-3-16 13:24:53-debug: run package(alipay-mini-game) handler(enable) success!
2025-3-16 13:24:53-debug: run package(bytedance-mini-game) handler(enable) success!
2025-3-16 13:24:53-debug: run package(certificate) handler(enable) start
2025-3-16 13:24:53-debug: run package(bytedance-mini-game) handler(enable) start
2025-3-16 13:24:53-debug: run package(channel-upload-tools) handler(enable) success!
2025-3-16 13:24:53-debug: run package(fb-instant-games) handler(enable) start
2025-3-16 13:24:53-debug: run package(fb-instant-games) handler(enable) success!
2025-3-16 13:24:53-debug: run package(huawei-agc) handler(enable) start
2025-3-16 13:24:53-debug: run package(huawei-agc) handler(enable) success!
2025-3-16 13:24:53-debug: run package(huawei-quick-game) handler(enable) success!
2025-3-16 13:24:53-debug: run package(huawei-quick-game) handler(enable) start
2025-3-16 13:24:53-debug: run package(ios) handler(enable) start
2025-3-16 13:24:53-debug: run package(ios) handler(enable) success!
2025-3-16 13:24:53-debug: run package(linux) handler(enable) start
2025-3-16 13:24:53-debug: run package(linux) handler(enable) success!
2025-3-16 13:24:53-debug: run package(mac) handler(enable) start
2025-3-16 13:24:53-debug: run package(mac) handler(enable) success!
2025-3-16 13:24:53-debug: run package(native) handler(enable) success!
2025-3-16 13:24:53-debug: run package(native) handler(enable) start
2025-3-16 13:24:53-debug: run package(ohos) handler(enable) start
2025-3-16 13:24:53-debug: run package(ohos) handler(enable) success!
2025-3-16 13:24:53-debug: run package(openharmony) handler(enable) start
2025-3-16 13:24:53-debug: run package(certificate) handler(enable) success!
2025-3-16 13:24:53-debug: run package(channel-upload-tools) handler(enable) start
2025-3-16 13:24:53-debug: run package(oppo-mini-game) handler(enable) success!
2025-3-16 13:24:53-debug: run package(runtime-dev-tools) handler(enable) start
2025-3-16 13:24:53-debug: run package(runtime-dev-tools) handler(enable) success!
2025-3-16 13:24:53-debug: run package(oppo-mini-game) handler(enable) start
2025-3-16 13:24:53-debug: run package(taobao-creative-app) handler(enable) start
2025-3-16 13:24:53-debug: run package(openharmony) handler(enable) success!
2025-3-16 13:24:53-debug: run package(taobao-mini-game) handler(enable) start
2025-3-16 13:24:53-debug: run package(vivo-mini-game) handler(enable) success!
2025-3-16 13:24:53-debug: run package(vivo-mini-game) handler(enable) start
2025-3-16 13:24:53-debug: run package(taobao-mini-game) handler(enable) success!
2025-3-16 13:24:53-debug: run package(taobao-creative-app) handler(enable) success!
2025-3-16 13:24:53-debug: run package(web-desktop) handler(enable) start
2025-3-16 13:24:53-debug: run package(web-desktop) handler(enable) success!
2025-3-16 13:24:53-debug: run package(web-mobile) handler(enable) success!
2025-3-16 13:24:53-debug: run package(wechatgame) handler(enable) start
2025-3-16 13:24:53-debug: run package(wechatgame) handler(enable) success!
2025-3-16 13:24:53-debug: run package(wechatprogram) handler(enable) success!
2025-3-16 13:24:53-debug: run package(wechatprogram) handler(enable) start
2025-3-16 13:24:53-debug: run package(windows) handler(enable) start
2025-3-16 13:24:53-debug: run package(windows) handler(enable) success!
2025-3-16 13:24:53-debug: run package(xiaomi-quick-game) handler(enable) start
2025-3-16 13:24:53-debug: run package(xiaomi-quick-game) handler(enable) success!
2025-3-16 13:24:53-debug: run package(web-mobile) handler(enable) start
2025-3-16 13:24:53-debug: run package(cocos-service) handler(enable) start
2025-3-16 13:24:53-debug: run package(im-plugin) handler(enable) start
2025-3-16 13:24:53-debug: run package(im-plugin) handler(enable) success!
2025-3-16 13:24:53-debug: run package(placeholder) handler(enable) start
2025-3-16 13:24:53-debug: run package(placeholder) handler(enable) success!
2025-3-16 13:24:53-debug: run package(cocos-service) handler(enable) success!
2025-3-16 13:24:53-debug: asset-db:worker-init: initPlugin (9283ms)
2025-3-16 13:24:53-debug: [Assets Memory track]: asset-db:worker-init start:22.02MB, end 304.53MB, increase: 282.50MB
2025-3-16 13:24:53-debug: Run asset db hook programming:beforePreStart ...
2025-3-16 13:24:53-debug: Run asset db hook programming:beforePreStart success!
2025-3-16 13:24:53-debug: Run asset db hook engine-extends:beforePreStart ...
2025-3-16 13:24:53-debug: Run asset db hook engine-extends:beforePreStart success!
2025-3-16 13:24:55-debug: asset-db:worker-init (14858ms)
2025-3-16 13:24:55-debug: asset-db-hook-programming-beforePreStart (2215ms)
2025-3-16 13:24:55-debug: asset-db-hook-engine-extends-beforePreStart (2215ms)
2025-3-16 13:24:55-debug: Preimport db internal success
2025-3-16 13:24:56-debug: Preimport db assets success
2025-3-16 13:24:56-debug: Run asset db hook programming:afterPreStart ...
2025-3-16 13:24:57-debug: Set detail map pack:///resolution-detail-map.json: {}
2025-3-16 13:24:57-debug: Run asset db hook programming:afterPreStart success!
2025-3-16 13:24:57-debug: Run asset db hook engine-extends:afterPreStart ...
2025-3-16 13:24:57-debug: [Assets Memory track]: asset-db:worker-init: preStart start:304.53MB, end 320.15MB, increase: 15.62MB
2025-3-16 13:24:57-debug: Start up the 'internal' database...
2025-3-16 13:24:57-debug: Run asset db hook engine-extends:afterPreStart success!
2025-3-16 13:24:57-debug: asset-db-hook-programming-afterPreStart (1373ms)
2025-3-16 13:24:57-debug: asset-db-hook-engine-extends-afterPreStart (492ms)
2025-3-16 13:24:57-debug: asset-db:worker-effect-data-processing (491ms)
2025-3-16 13:24:57-debug: start asset-db(internal) with asset: 463
2025-3-16 13:24:57-debug: [Assets Memory track]: asset-db:worker-startup-database[internal] start:316.27MB, end 324.50MB, increase: 8.22MB
2025-3-16 13:24:57-debug: Start up the 'assets' database...
2025-3-16 13:25:02-debug: asset-db:worker-startup-database[internal] (8423ms)
2025-3-16 13:25:03-debug: start asset-db(assets) with asset: 1103
2025-3-16 13:25:03-debug: asset-db:worker-startup-database[assets] (7609ms)
2025-3-16 13:25:03-debug: asset-db:start-database (9918ms)
2025-3-16 13:25:03-debug: asset-db:ready (25143ms)
2025-3-16 13:25:03-debug: init worker message success
2025-3-16 13:25:03-debug: [Build Memory track]: builder:worker-init start:281.60MB, end 292.27MB, increase: 10.67MB
2025-3-16 13:25:03-debug: programming:execute-script (27ms)
2025-3-16 13:25:03-debug: builder:worker-init (869ms)
2025-3-16 13:25:05-debug: programming:execute-script (11ms)
2025-3-16 14:53:51-debug: refresh db internal success
2025-3-16 14:53:52-debug: refresh db assets success
2025-3-16 14:53:52-debug: Run asset db hook engine-extends:afterRefresh ...
2025-3-16 14:53:52-debug: Run asset db hook engine-extends:afterRefresh success!
2025-3-16 14:53:52-debug: asset-db:refresh-all-database (502ms)
2025-3-16 14:53:52-debug: asset-db:worker-effect-data-processing (1ms)
2025-3-16 14:53:52-debug: asset-db-hook-engine-extends-afterRefresh (1ms)
2025-3-16 14:53:56-debug: refresh db internal success
2025-3-16 14:53:56-debug: refresh db assets success
2025-3-16 14:53:56-debug: Run asset db hook engine-extends:afterRefresh ...
2025-3-16 14:53:56-debug: Run asset db hook engine-extends:afterRefresh success!
2025-3-16 14:53:56-debug: asset-db:refresh-all-database (108ms)
2025-3-16 14:54:00-debug: refresh db internal success
2025-3-16 14:54:00-debug: refresh db assets success
2025-3-16 14:54:00-debug: Run asset db hook engine-extends:afterRefresh success!
2025-3-16 14:54:00-debug: Run asset db hook engine-extends:afterRefresh ...
2025-3-16 14:54:00-debug: asset-db:refresh-all-database (110ms)
2025-3-16 14:54:00-debug: asset-db:worker-effect-data-processing (1ms)
2025-3-16 14:54:00-debug: asset-db-hook-engine-extends-afterRefresh (1ms)
2025-3-16 18:18:47-debug: refresh db internal success
2025-3-16 18:18:47-debug: refresh db assets success
2025-3-16 18:18:47-debug: Run asset db hook engine-extends:afterRefresh ...
2025-3-16 18:18:47-debug: Run asset db hook engine-extends:afterRefresh success!
2025-3-16 18:18:47-debug: asset-db:refresh-all-database (153ms)
2025-3-16 18:21:50-debug: refresh db internal success
2025-3-16 18:21:50-debug: refresh db assets success
2025-3-16 18:21:50-debug: Run asset db hook engine-extends:afterRefresh ...
2025-3-16 18:21:50-debug: Run asset db hook engine-extends:afterRefresh success!
2025-3-16 18:21:50-debug: asset-db:refresh-all-database (112ms)
2025-3-16 18:39:08-debug: refresh db internal success
2025-3-16 18:39:08-debug: refresh db assets success
2025-3-16 18:39:08-debug: Run asset db hook engine-extends:afterRefresh success!
2025-3-16 18:39:08-debug: Run asset db hook engine-extends:afterRefresh ...
2025-3-16 18:39:08-debug: asset-db:refresh-all-database (110ms)
2025-3-16 18:39:08-debug: asset-db:worker-effect-data-processing (1ms)
2025-3-16 18:39:08-debug: asset-db-hook-engine-extends-afterRefresh (1ms)
2025-3-16 18:39:10-debug: refresh db internal success
2025-3-16 18:39:10-debug: refresh db assets success
2025-3-16 18:39:10-debug: Run asset db hook engine-extends:afterRefresh ...
2025-3-16 18:39:10-debug: Run asset db hook engine-extends:afterRefresh success!
2025-3-16 18:39:10-debug: asset-db:refresh-all-database (102ms)
2025-3-16 18:39:12-debug: refresh db internal success
2025-3-16 18:39:12-debug: refresh db assets success
2025-3-16 18:39:12-debug: Run asset db hook engine-extends:afterRefresh ...
2025-3-16 18:39:12-debug: Run asset db hook engine-extends:afterRefresh success!
2025-3-16 18:39:12-debug: asset-db:refresh-all-database (98ms)
2025-3-16 18:39:12-debug: asset-db:worker-effect-data-processing (1ms)
2025-3-16 18:39:12-debug: asset-db-hook-engine-extends-afterRefresh (1ms)
2025-3-16 21:49:37-debug: refresh db internal success
2025-3-16 21:49:38-debug: refresh db assets success
2025-3-16 21:49:38-debug: Run asset db hook engine-extends:afterRefresh ...
2025-3-16 21:49:38-debug: Run asset db hook engine-extends:afterRefresh success!
2025-3-16 21:49:38-debug: asset-db:refresh-all-database (319ms)
2025-3-17 00:30:36-debug: refresh db internal success
2025-3-17 00:30:36-debug: refresh db assets success
2025-3-17 00:30:36-debug: Run asset db hook engine-extends:afterRefresh ...
2025-3-17 00:30:36-debug: Run asset db hook engine-extends:afterRefresh success!
2025-3-17 00:30:36-debug: asset-db:refresh-all-database (155ms)
2025-3-17 00:30:36-debug: asset-db-hook-engine-extends-afterRefresh (1ms)
2025-3-17 00:30:36-debug: asset-db:worker-effect-data-processing (1ms)
2025-3-17 00:32:44-debug: refresh db internal success
