2024-03-27T07:06:31.835Z - log: [Package] menu@1.0.0 enable
2024-03-27T07:06:31.837Z - log: [Package] profile@1.0.0 enable
2024-03-27T07:06:31.846Z - log: [Package] project@1.0.2 enable
2024-03-27T07:06:31.849Z - log: [Package] messages@1.0.0 enable
2024-03-27T07:06:31.852Z - log: [Package] program@1.0.0 enable
2024-03-27T07:06:31.855Z - log: [Package] tester@1.0.0 enable
2024-03-27T07:06:31.858Z - log: [Package] preferences@1.0.0 enable
2024-03-27T07:06:33.788Z - log: Load engine in C:\ProgramData\cocos\editors\Creator\3.6.2\resources\resources\3d\engine
2024-03-27T07:06:34.170Z - log: Profile changed: engine (modules.includeModules: 2d,3d,animation,audio,base,dragon-bones,gfx-webgl,gfx-webgl2,intersection-2d,marionette,particle,particle-2d,physics-2d-builtin,physics-builtin,primitive,profiler,skeletal-animation,spine,terrain,tiled-map,tween,ui,video,webview,xr)
2024-03-27T07:06:34.178Z - log: Register native engine in C:\ProgramData\cocos\editors\Creator\3.6.2\resources\resources\3d\engine\native
2024-03-27T07:06:34.179Z - log: [Package] engine@1.0.7 enable
2024-03-27T07:06:34.846Z - log: [Package] programming@1.0.0 enable
2024-03-27T07:06:34.884Z - warn: 
2024-03-27T07:06:34.930Z - warn: 
2024-03-27T07:06:35.173Z - log: [Package] device@1.0.1 enable
2024-03-27T07:06:35.200Z - log: [Package] ui-kit@1.0.1 enable
2024-03-27T07:06:35.229Z - log: [Package] engine-extends@1.0.0 enable
2024-03-27T07:06:35.285Z - log: [Package] asset-db@1.0.0 enable
2024-03-27T07:06:35.285Z - warn: 
2024-03-27T07:06:35.315Z - log: [Package] scene@1.0.0 enable
2024-03-27T07:06:35.431Z - log: [Package] server@1.0.0 enable
2024-03-27T07:06:35.456Z - log: [Package] utils@1.0.0 enable
2024-03-27T07:06:41.638Z - warn: 
2024-03-27T07:06:41.639Z - warn: 
2024-03-27T07:06:41.639Z - warn: 
2024-03-27T07:06:41.809Z - warn: 
2024-03-27T07:06:41.809Z - warn: 
2024-03-27T07:06:41.809Z - warn: 
2024-03-27T07:06:43.505Z - warn: 
2024-03-27T07:06:43.542Z - log: [Package] preview@1.0.1 enable
2024-03-27T07:06:43.568Z - log: [Package] animator@1.0.0 enable
2024-03-27T07:06:43.602Z - log: pluginManager init: 0.08ms
2024-03-27T07:06:44.272Z - log: [Package] builder@1.3.3 enable
2024-03-27T07:06:44.299Z - log: [Package] shortcuts@1.0.1 enable
2024-03-27T07:06:44.326Z - log: [Package] animation-graph@1.0.0 enable
2024-03-27T07:06:44.351Z - log: [Package] about@1.0.0 enable
2024-03-27T07:06:44.376Z - log: [Package] assets@1.0.0 enable
2024-03-27T07:06:44.402Z - log: [Package] console@1.0.0 enable
2024-03-27T07:06:44.519Z - log: [Package] extension@3.0.16 enable
2024-03-27T07:06:44.544Z - log: [Package] hierarchy@1.0.0 enable
2024-03-27T07:06:44.568Z - log: [Package] inspector@1.0.0 enable
2024-03-27T07:06:44.593Z - log: [Package] lightmap@1.0.4 enable
2024-03-27T07:06:44.864Z - log: [Package] localization-editor@1.0.0 enable
2024-03-27T07:06:44.870Z - log: [Build-plugin] register pkg localization-editor: 3.561ms
2024-03-27T07:06:44.895Z - log: [Package] node-library@1.0.1 enable
2024-03-27T07:06:44.917Z - log: [Package] package-asset@1.0.0 enable
2024-03-27T07:06:44.940Z - log: [Package] process@1.0.0 enable
2024-03-27T07:06:44.965Z - log: [Package] reference-image@1.0.0 enable
2024-03-27T07:06:44.987Z - log: [Package] alipay-mini-game@1.0.1 enable
2024-03-27T07:06:44.989Z - log: [Build-plugin] register pkg alipay-mini-game: 2.361ms
2024-03-27T07:06:45.013Z - log: [Package] android@1.0.1 enable
2024-03-27T07:06:45.016Z - log: [Build-plugin] register pkg android: 3.45ms
2024-03-27T07:06:45.061Z - log: [Package] baidu-mini-game@1.0.1 enable
2024-03-27T07:06:45.062Z - log: [Build-plugin] register pkg baidu-mini-game: 1.131ms
2024-03-27T07:06:45.086Z - log: [Package] bytedance-mini-game@1.0.2 enable
2024-03-27T07:06:45.088Z - log: [Build-plugin] register pkg bytedance-mini-game: 1.403ms
2024-03-27T07:06:45.109Z - log: [Package] certificate@1.0.0 enable
2024-03-27T07:06:45.130Z - log: [Package] channel-upload-tools@1.0.0 enable
2024-03-27T07:06:45.152Z - log: [Package] cocos-play@1.0.1 enable
2024-03-27T07:06:45.155Z - log: [Build-plugin] register pkg cocos-play: 2.696ms
2024-03-27T07:06:45.177Z - log: [Package] huawei-agc@1.0.0 enable
2024-03-27T07:06:45.179Z - log: [Build-plugin] register pkg huawei-agc: 1.979ms
2024-03-27T07:06:45.201Z - log: [Package] huawei-quick-game@1.0.1 enable
2024-03-27T07:06:45.203Z - log: [Build-plugin] register pkg huawei-quick-game: 2.13ms
2024-03-27T07:06:45.226Z - log: [Package] ios@1.0.0 enable
2024-03-27T07:06:45.228Z - log: [Build-plugin] register pkg ios: 1.932ms
2024-03-27T07:06:45.250Z - log: [Package] linux@1.0.0 enable
2024-03-27T07:06:45.251Z - log: [Build-plugin] register pkg linux: 0.759ms
2024-03-27T07:06:45.273Z - log: [Package] mac@1.0.0 enable
2024-03-27T07:06:45.275Z - log: [Build-plugin] register pkg mac: 2.566ms
2024-03-27T07:06:45.349Z - log: [Package] native@1.0.2 enable
2024-03-27T07:06:45.353Z - log: [Build-plugin] register pkg native: 3.909ms
2024-03-27T07:06:45.375Z - log: [Package] ohos@1.0.0 enable
2024-03-27T07:06:45.377Z - log: [Build-plugin] register pkg ohos: 2.177ms
2024-03-27T07:06:45.399Z - log: [Package] open-harmonyos@1.0.0 enable
2024-03-27T07:06:45.399Z - log: [Build-plugin] register pkg open-harmonyos: 0.773ms
2024-03-27T07:06:45.421Z - log: [Package] oppo-mini-game@1.0.1 enable
2024-03-27T07:06:45.424Z - log: [Build-plugin] register pkg oppo-mini-game: 2.246ms
2024-03-27T07:06:45.444Z - log: [Package] runtime-dev-tools@1.0.0 enable
2024-03-27T07:06:45.466Z - log: [Package] vivo-mini-game@1.0.1 enable
2024-03-27T07:06:45.469Z - log: [Build-plugin] register pkg vivo-mini-game: 2.417ms
2024-03-27T07:06:45.501Z - log: [Package] web-desktop@1.0.1 enable
2024-03-27T07:06:45.504Z - log: [Build-plugin] register pkg web-desktop: 2.121ms
2024-03-27T07:06:45.528Z - log: [Package] web-mobile@1.0.1 enable
2024-03-27T07:06:45.531Z - log: [Build-plugin] register pkg web-mobile: 2.531ms
2024-03-27T07:06:45.557Z - log: [Package] wechatgame@1.0.2 enable
2024-03-27T07:06:45.559Z - log: [Build-plugin] register pkg wechatgame: 2.383ms
2024-03-27T07:06:45.585Z - log: [Package] windows@1.0.1 enable
2024-03-27T07:06:45.587Z - log: [Build-plugin] register pkg windows: 1.88ms
2024-03-27T07:06:45.610Z - log: [Package] xiaomi-quick-game@1.0.1 enable
2024-03-27T07:06:45.613Z - log: [Build-plugin] register pkg xiaomi-quick-game: 3.143ms
2024-03-27T07:06:45.840Z - log: [Package] cocos-service@3.0.4 enable
2024-03-27T07:06:45.843Z - log: [Build-plugin] register pkg cocos-service: 1.135ms
2024-03-27T07:06:45.869Z - log: [Package] importer@1.1.0 enable
2024-03-27T07:06:46.059Z - log: [Im-plugin] Check im-plugin version.
2024-03-27T07:06:46.062Z - log: [Package] im-plugin@3.0.9 enable
2024-03-27T07:06:46.089Z - log: [Package] print-bundle-dependencies@1.0.0 enable
2024-03-27T07:06:47.615Z - log: [Im-plugin] No online info of im-plugin.
2024-03-27T07:06:47.678Z - warn: 
2024-03-27T07:06:47.678Z - warn: 
2024-03-27T07:06:47.679Z - warn: 
2024-03-27T07:06:48.464Z - log: [Scene] Please specifiy a default value for "cc.EditorExtendable.__editorExtras__" property at its declaration:

 
// Before:
@property(...)
myProp;
// After:
@property(...)
myProp = 0;
2024-03-27T07:06:48.477Z - log: [Scene] Please specifiy a default value for "CCPropertyOverrideInfo.value" property at its declaration:

 
// Before:
@property(...)
myProp;
// After:
@property(...)
myProp = 0;
2024-03-27T07:06:48.478Z - log: [Scene] Please specifiy a default value for "cc.PrefabInfo.asset" property at its declaration:

 
// Before:
@property(...)
myProp;
// After:
@property(...)
myProp = 0;
2024-03-27T07:06:48.478Z - log: [Scene] Please specifiy a default value for "cc.PrefabInfo.nestedPrefabInstanceRoots" property at its declaration:

 
// Before:
@property(...)
myProp;
// After:
@property(...)
myProp = 0;
2024-03-27T07:06:48.480Z - log: [Scene] The 'default' attribute of 'ColorDesc.beginAccesses' must be an array
2024-03-27T07:06:48.480Z - log: [Scene] The 'default' attribute of 'ColorDesc.endAccesses' must be an array
2024-03-27T07:06:48.488Z - log: [Scene] Please specifiy a default value for "cc.animation.TrackBinding.proxy" property at its declaration:

 
// Before:
@property(...)
myProp;
// After:
@property(...)
myProp = 0;
2024-03-27T07:06:48.488Z - log: [Scene] Please specifiy a default value for "cc.animation.Channel._curve" property at its declaration:

 
// Before:
@property(...)
myProp;
// After:
@property(...)
myProp = 0;
2024-03-27T07:06:48.488Z - log: [Scene] Please specifiy a default value for "cc.animation.SingleChannelTrack._channel" property at its declaration:

 
// Before:
@property(...)
myProp;
// After:
@property(...)
myProp = 0;
2024-03-27T07:06:48.489Z - log: [Scene] Please specifiy a default value for "cc.animation.VectorTrack._channels" property at its declaration:

 
// Before:
@property(...)
myProp;
// After:
@property(...)
myProp = 0;
2024-03-27T07:06:48.489Z - log: [Scene] Please specifiy a default value for "cc.animation.ColorTrack._channels" property at its declaration:

 
// Before:
@property(...)
myProp;
// After:
@property(...)
myProp = 0;
2024-03-27T07:06:48.489Z - log: [Scene] Please specifiy a default value for "cc.animation.SizeTrack._channels" property at its declaration:

 
// Before:
@property(...)
myProp;
// After:
@property(...)
myProp = 0;
2024-03-27T07:06:48.489Z - log: [Scene] Please specifiy a default value for "cc.animation.Transition.from" property at its declaration:

 
// Before:
@property(...)
myProp;
// After:
@property(...)
myProp = 0;
2024-03-27T07:06:48.489Z - log: [Scene] Please specifiy a default value for "cc.animation.Transition.to" property at its declaration:

 
// Before:
@property(...)
myProp;
// After:
@property(...)
myProp = 0;
2024-03-27T07:06:48.489Z - log: [Scene] Please specifiy a default value for "cc.animation.StateMachine._entryState" property at its declaration:

 
// Before:
@property(...)
myProp;
// After:
@property(...)
myProp = 0;
2024-03-27T07:06:48.489Z - log: [Scene] Please specifiy a default value for "cc.animation.StateMachine._exitState" property at its declaration:

 
// Before:
@property(...)
myProp;
// After:
@property(...)
myProp = 0;
2024-03-27T07:06:48.489Z - log: [Scene] Please specifiy a default value for "cc.animation.StateMachine._anyState" property at its declaration:

 
// Before:
@property(...)
myProp;
// After:
@property(...)
myProp = 0;
2024-03-27T07:06:48.489Z - log: [Scene] Please specifiy a default value for "cc.animation.Layer._stateMachine" property at its declaration:

 
// Before:
@property(...)
myProp;
// After:
@property(...)
myProp = 0;
2024-03-27T07:06:48.490Z - log: [Scene] Please specifiy a default value for "cc.animation.ExoticVectorLikeTrackValues._values" property at its declaration:

 
// Before:
@property(...)
myProp;
// After:
@property(...)
myProp = 0;
2024-03-27T07:06:48.490Z - log: [Scene] Please specifiy a default value for "cc.animation.ExoticVectorLikeTrackValues._isQuantized" property at its declaration:

 
// Before:
@property(...)
myProp;
// After:
@property(...)
myProp = 0;
2024-03-27T07:06:48.490Z - log: [Scene] Please specifiy a default value for "cc.animation.ExoticTrack.times" property at its declaration:

 
// Before:
@property(...)
myProp;
// After:
@property(...)
myProp = 0;
2024-03-27T07:06:48.490Z - log: [Scene] Please specifiy a default value for "cc.animation.ExoticTrack.values" property at its declaration:

 
// Before:
@property(...)
myProp;
// After:
@property(...)
myProp = 0;
2024-03-27T07:06:48.490Z - log: [Scene] Please specifiy a default value for "cc.animation.QuantizedFloatArray.originalPrecision" property at its declaration:

 
// Before:
@property(...)
myProp;
// After:
@property(...)
myProp = 0;
2024-03-27T07:06:48.490Z - log: [Scene] Please specifiy a default value for "cc.animation.QuantizedFloatArray.min" property at its declaration:

 
// Before:
@property(...)
myProp;
// After:
@property(...)
myProp = 0;
2024-03-27T07:06:48.490Z - log: [Scene] Please specifiy a default value for "cc.animation.QuantizedFloatArray.extent" property at its declaration:

 
// Before:
@property(...)
myProp;
// After:
@property(...)
myProp = 0;
2024-03-27T07:06:48.490Z - log: [Scene] Please specifiy a default value for "cc.animation.QuantizedFloatArray.values" property at its declaration:

 
// Before:
@property(...)
myProp;
// After:
@property(...)
myProp = 0;
2024-03-27T07:06:48.510Z - log: [Scene] 'cc.ParticleSystem2D.color' hides inherited property 'cc.UIRenderer.color'. To make the current property override that implementation, add the `override: true` attribute please.
2024-03-27T07:06:48.535Z - log: [Scene] No needs to indicate the 'cc.Boolean' attribute for "cc.Terrain._receiveShadow", which its default value is type of Boolean.
2024-03-27T07:06:48.535Z - log: [Scene] No needs to indicate the 'cc.Boolean' attribute for "cc.Terrain._useNormalmap", which its default value is type of Boolean.
2024-03-27T07:06:48.535Z - log: [Scene] No needs to indicate the 'cc.Boolean' attribute for "cc.Terrain._usePBR", which its default value is type of Boolean.
2024-03-27T07:06:48.535Z - log: [Scene] No needs to indicate the 'cc.Boolean' attribute for "cc.Terrain._lodEnable", which its default value is type of Boolean.
2024-03-27T07:06:48.590Z - info: [Scene] [Physics][Bullet]: Using asmjs Bullet libs.
2024-03-27T07:06:48.595Z - info: [Scene] [PHYSICS]: using builtin.
2024-03-27T07:06:48.671Z - log: [Scene] Cocos Creator v3.6.2
2024-03-27T07:06:48.671Z - info: [Scene] Forward render pipeline initialized.
2024-03-27T07:06:49.436Z - warn: [Scene] Open the previous scene failed: 534bf182-f4af-443f-9564-d98c0d2f64a6 can not be found.Error: [Scene] Open the previous scene failed: 534bf182-f4af-443f-9564-d98c0d2f64a6 can not be found.
    at SceneFacadeManager.openScene (C:\ProgramData\cocos\editors\Creator\3.6.2\resources\app.asar\builtin\scene\dist\script\3d\facade\scene-facade-manager.ccc:1:6088)
2024-03-27T07:07:15.685Z - warn: [Scene] illegal uniform handleError: [Scene] illegal uniform handle
    at Object.0 (C:\ProgramData\cocos\editors\Creator\3.6.2\resources\resources\3d\engine\bin\.cache\dev\editor\bundled\index.js:262401:52)
    at PassInstance.setUniform (C:\ProgramData\cocos\editors\Creator\3.6.2\resources\resources\3d\engine\bin\.cache\dev\editor\bundled\index.js:262743:28)
    at ParticleSystemRendererGPU.initShaderUniform (C:\ProgramData\cocos\editors\Creator\3.6.2\resources\resources\3d\engine\bin\.cache\dev\editor\bundled\index.js:170834:16)
    at ParticleSystemRendererGPU.updateMaterialParams (C:\ProgramData\cocos\editors\Creator\3.6.2\resources\resources\3d\engine\bin\.cache\dev\editor\bundled\index.js:171116:16)
    at ParticleSystemRendererGPU.onInit (C:\ProgramData\cocos\editors\Creator\3.6.2\resources\resources\3d\engine\bin\.cache\dev\editor\bundled\index.js:170623:16)
    at ParticleSystemRenderer.onInit (C:\ProgramData\cocos\editors\Creator\3.6.2\resources\resources\3d\engine\bin\.cache\dev\editor\bundled\index.js:170329:44)
    at ParticleSystem.onLoad (C:\ProgramData\cocos\editors\Creator\3.6.2\resources\resources\3d\engine\bin\.cache\dev\editor\bundled\index.js:16568:25)
2024-03-27T07:07:15.705Z - warn: [Scene] illegal uniform handleError: [Scene] illegal uniform handle
    at Object.0 (C:\ProgramData\cocos\editors\Creator\3.6.2\resources\resources\3d\engine\bin\.cache\dev\editor\bundled\index.js:262401:52)
    at PassInstance.setUniform (C:\ProgramData\cocos\editors\Creator\3.6.2\resources\resources\3d\engine\bin\.cache\dev\editor\bundled\index.js:262743:28)
    at ParticleSystemRendererGPU.initShaderUniform (C:\ProgramData\cocos\editors\Creator\3.6.2\resources\resources\3d\engine\bin\.cache\dev\editor\bundled\index.js:170869:18)
    at ParticleSystemRendererGPU.updateMaterialParams (C:\ProgramData\cocos\editors\Creator\3.6.2\resources\resources\3d\engine\bin\.cache\dev\editor\bundled\index.js:171116:16)
    at ParticleSystemRendererGPU.onInit (C:\ProgramData\cocos\editors\Creator\3.6.2\resources\resources\3d\engine\bin\.cache\dev\editor\bundled\index.js:170623:16)
    at ParticleSystemRenderer.onInit (C:\ProgramData\cocos\editors\Creator\3.6.2\resources\resources\3d\engine\bin\.cache\dev\editor\bundled\index.js:170329:44)
    at ParticleSystem.onLoad (C:\ProgramData\cocos\editors\Creator\3.6.2\resources\resources\3d\engine\bin\.cache\dev\editor\bundled\index.js:16568:25)
2024-03-27T07:07:15.706Z - warn: [Scene] illegal uniform handleError: [Scene] illegal uniform handle
    at Object.0 (C:\ProgramData\cocos\editors\Creator\3.6.2\resources\resources\3d\engine\bin\.cache\dev\editor\bundled\index.js:262401:52)
    at PassInstance.setUniform (C:\ProgramData\cocos\editors\Creator\3.6.2\resources\resources\3d\engine\bin\.cache\dev\editor\bundled\index.js:262743:28)
    at ParticleSystemRendererGPU.initShaderUniform (C:\ProgramData\cocos\editors\Creator\3.6.2\resources\resources\3d\engine\bin\.cache\dev\editor\bundled\index.js:170871:18)
    at ParticleSystemRendererGPU.updateMaterialParams (C:\ProgramData\cocos\editors\Creator\3.6.2\resources\resources\3d\engine\bin\.cache\dev\editor\bundled\index.js:171116:16)
    at ParticleSystemRendererGPU.onInit (C:\ProgramData\cocos\editors\Creator\3.6.2\resources\resources\3d\engine\bin\.cache\dev\editor\bundled\index.js:170623:16)
    at ParticleSystemRenderer.onInit (C:\ProgramData\cocos\editors\Creator\3.6.2\resources\resources\3d\engine\bin\.cache\dev\editor\bundled\index.js:170329:44)
    at ParticleSystem.onLoad (C:\ProgramData\cocos\editors\Creator\3.6.2\resources\resources\3d\engine\bin\.cache\dev\editor\bundled\index.js:16568:25)
2024-03-27T07:07:15.707Z - warn: [Scene] cc.ParticleSystem: change material failed, please use proper particle materialError: [Scene] cc.ParticleSystem: change material failed, please use proper particle material
    at warn (C:\ProgramData\cocos\editors\Creator\3.6.2\resources\resources\3d\engine\bin\.cache\dev\editor\bundled\index.js:145571:12)
    at warnID (C:\ProgramData\cocos\editors\Creator\3.6.2\resources\resources\3d\engine\bin\.cache\dev\editor\bundled\index.js:145785:5)
    at ParticleSystemRenderer.set gpuMaterial [as gpuMaterial] (C:\ProgramData\cocos\editors\Creator\3.6.2\resources\resources\3d\engine\bin\.cache\dev\editor\bundled\index.js:170241:15)
    at ParticleSystemRenderer.onInit (C:\ProgramData\cocos\editors\Creator\3.6.2\resources\resources\3d\engine\bin\.cache\dev\editor\bundled\index.js:170342:30)
    at ParticleSystem.onLoad (C:\ProgramData\cocos\editors\Creator\3.6.2\resources\resources\3d\engine\bin\.cache\dev\editor\bundled\index.js:16568:25)
    at eval (C:\ProgramData\cocos\editors\Creator\3.6.2\resources\resources\3d\engine\bin\.cache\dev\editor\bundled\index.js:153415:16)
    at OneOffInvoker.eval [as _invoke] (C:\ProgramData\cocos\editors\Creator\3.6.2\resources\resources\3d\engine\bin\.cache\dev\editor\bundled\index.js:151963:9)
2024-03-27T07:07:15.708Z - warn: [Scene] illegal uniform handleError: [Scene] illegal uniform handle
    at Object.0 (C:\ProgramData\cocos\editors\Creator\3.6.2\resources\resources\3d\engine\bin\.cache\dev\editor\bundled\index.js:262401:52)
    at PassInstance.setUniform (C:\ProgramData\cocos\editors\Creator\3.6.2\resources\resources\3d\engine\bin\.cache\dev\editor\bundled\index.js:262743:28)
    at ParticleSystemRendererGPU.initShaderUniform (C:\ProgramData\cocos\editors\Creator\3.6.2\resources\resources\3d\engine\bin\.cache\dev\editor\bundled\index.js:170834:16)
    at ParticleSystemRendererGPU.updateMaterialParams (C:\ProgramData\cocos\editors\Creator\3.6.2\resources\resources\3d\engine\bin\.cache\dev\editor\bundled\index.js:171116:16)
    at ParticleSystemRendererGPU.onInit (C:\ProgramData\cocos\editors\Creator\3.6.2\resources\resources\3d\engine\bin\.cache\dev\editor\bundled\index.js:170623:16)
    at ParticleSystemRenderer.onInit (C:\ProgramData\cocos\editors\Creator\3.6.2\resources\resources\3d\engine\bin\.cache\dev\editor\bundled\index.js:170329:44)
    at ParticleSystem.onLoad (C:\ProgramData\cocos\editors\Creator\3.6.2\resources\resources\3d\engine\bin\.cache\dev\editor\bundled\index.js:16568:25)
2024-03-27T07:07:15.708Z - warn: [Scene] illegal uniform handleError: [Scene] illegal uniform handle
    at Object.0 (C:\ProgramData\cocos\editors\Creator\3.6.2\resources\resources\3d\engine\bin\.cache\dev\editor\bundled\index.js:262401:52)
    at PassInstance.setUniform (C:\ProgramData\cocos\editors\Creator\3.6.2\resources\resources\3d\engine\bin\.cache\dev\editor\bundled\index.js:262743:28)
    at ParticleSystemRendererGPU.initShaderUniform (C:\ProgramData\cocos\editors\Creator\3.6.2\resources\resources\3d\engine\bin\.cache\dev\editor\bundled\index.js:170869:18)
    at ParticleSystemRendererGPU.updateMaterialParams (C:\ProgramData\cocos\editors\Creator\3.6.2\resources\resources\3d\engine\bin\.cache\dev\editor\bundled\index.js:171116:16)
    at ParticleSystemRendererGPU.onInit (C:\ProgramData\cocos\editors\Creator\3.6.2\resources\resources\3d\engine\bin\.cache\dev\editor\bundled\index.js:170623:16)
    at ParticleSystemRenderer.onInit (C:\ProgramData\cocos\editors\Creator\3.6.2\resources\resources\3d\engine\bin\.cache\dev\editor\bundled\index.js:170329:44)
    at ParticleSystem.onLoad (C:\ProgramData\cocos\editors\Creator\3.6.2\resources\resources\3d\engine\bin\.cache\dev\editor\bundled\index.js:16568:25)
2024-03-27T07:07:15.709Z - warn: [Scene] illegal uniform handleError: [Scene] illegal uniform handle
    at Object.0 (C:\ProgramData\cocos\editors\Creator\3.6.2\resources\resources\3d\engine\bin\.cache\dev\editor\bundled\index.js:262401:52)
    at PassInstance.setUniform (C:\ProgramData\cocos\editors\Creator\3.6.2\resources\resources\3d\engine\bin\.cache\dev\editor\bundled\index.js:262743:28)
    at ParticleSystemRendererGPU.initShaderUniform (C:\ProgramData\cocos\editors\Creator\3.6.2\resources\resources\3d\engine\bin\.cache\dev\editor\bundled\index.js:170871:18)
    at ParticleSystemRendererGPU.updateMaterialParams (C:\ProgramData\cocos\editors\Creator\3.6.2\resources\resources\3d\engine\bin\.cache\dev\editor\bundled\index.js:171116:16)
    at ParticleSystemRendererGPU.onInit (C:\ProgramData\cocos\editors\Creator\3.6.2\resources\resources\3d\engine\bin\.cache\dev\editor\bundled\index.js:170623:16)
    at ParticleSystemRenderer.onInit (C:\ProgramData\cocos\editors\Creator\3.6.2\resources\resources\3d\engine\bin\.cache\dev\editor\bundled\index.js:170329:44)
    at ParticleSystem.onLoad (C:\ProgramData\cocos\editors\Creator\3.6.2\resources\resources\3d\engine\bin\.cache\dev\editor\bundled\index.js:16568:25)
2024-03-27T07:07:15.710Z - warn: [Scene] cc.ParticleSystem: change material failed, please use proper particle materialError: [Scene] cc.ParticleSystem: change material failed, please use proper particle material
    at warn (C:\ProgramData\cocos\editors\Creator\3.6.2\resources\resources\3d\engine\bin\.cache\dev\editor\bundled\index.js:145571:12)
    at warnID (C:\ProgramData\cocos\editors\Creator\3.6.2\resources\resources\3d\engine\bin\.cache\dev\editor\bundled\index.js:145785:5)
    at ParticleSystemRenderer.set gpuMaterial [as gpuMaterial] (C:\ProgramData\cocos\editors\Creator\3.6.2\resources\resources\3d\engine\bin\.cache\dev\editor\bundled\index.js:170241:15)
    at ParticleSystemRenderer.onInit (C:\ProgramData\cocos\editors\Creator\3.6.2\resources\resources\3d\engine\bin\.cache\dev\editor\bundled\index.js:170342:30)
    at ParticleSystem.onLoad (C:\ProgramData\cocos\editors\Creator\3.6.2\resources\resources\3d\engine\bin\.cache\dev\editor\bundled\index.js:16568:25)
    at eval (C:\ProgramData\cocos\editors\Creator\3.6.2\resources\resources\3d\engine\bin\.cache\dev\editor\bundled\index.js:153415:16)
    at OneOffInvoker.eval [as _invoke] (C:\ProgramData\cocos\editors\Creator\3.6.2\resources\resources\3d\engine\bin\.cache\dev\editor\bundled\index.js:151963:9)
2024-03-27T07:07:15.762Z - warn: [Scene] illegal uniform handleError: [Scene] illegal uniform handle
    at Object.0 (C:\ProgramData\cocos\editors\Creator\3.6.2\resources\resources\3d\engine\bin\.cache\dev\editor\bundled\index.js:262401:52)
    at PassInstance.setUniform (C:\ProgramData\cocos\editors\Creator\3.6.2\resources\resources\3d\engine\bin\.cache\dev\editor\bundled\index.js:262743:28)
    at ParticleSystemRendererGPU.initShaderUniform (C:\ProgramData\cocos\editors\Creator\3.6.2\resources\resources\3d\engine\bin\.cache\dev\editor\bundled\index.js:170834:16)
    at ParticleSystemRendererGPU.updateMaterialParams (C:\ProgramData\cocos\editors\Creator\3.6.2\resources\resources\3d\engine\bin\.cache\dev\editor\bundled\index.js:171116:16)
    at ParticleSystemRendererGPU.onInit (C:\ProgramData\cocos\editors\Creator\3.6.2\resources\resources\3d\engine\bin\.cache\dev\editor\bundled\index.js:170623:16)
    at ParticleSystemRenderer.onInit (C:\ProgramData\cocos\editors\Creator\3.6.2\resources\resources\3d\engine\bin\.cache\dev\editor\bundled\index.js:170329:44)
    at ParticleSystem.onLoad (C:\ProgramData\cocos\editors\Creator\3.6.2\resources\resources\3d\engine\bin\.cache\dev\editor\bundled\index.js:16568:25)
2024-03-27T07:07:15.762Z - warn: [Scene] illegal uniform handleError: [Scene] illegal uniform handle
    at Object.0 (C:\ProgramData\cocos\editors\Creator\3.6.2\resources\resources\3d\engine\bin\.cache\dev\editor\bundled\index.js:262401:52)
    at PassInstance.setUniform (C:\ProgramData\cocos\editors\Creator\3.6.2\resources\resources\3d\engine\bin\.cache\dev\editor\bundled\index.js:262743:28)
    at ParticleSystemRendererGPU.initShaderUniform (C:\ProgramData\cocos\editors\Creator\3.6.2\resources\resources\3d\engine\bin\.cache\dev\editor\bundled\index.js:170850:18)
    at ParticleSystemRendererGPU.updateMaterialParams (C:\ProgramData\cocos\editors\Creator\3.6.2\resources\resources\3d\engine\bin\.cache\dev\editor\bundled\index.js:171116:16)
    at ParticleSystemRendererGPU.onInit (C:\ProgramData\cocos\editors\Creator\3.6.2\resources\resources\3d\engine\bin\.cache\dev\editor\bundled\index.js:170623:16)
    at ParticleSystemRenderer.onInit (C:\ProgramData\cocos\editors\Creator\3.6.2\resources\resources\3d\engine\bin\.cache\dev\editor\bundled\index.js:170329:44)
    at ParticleSystem.onLoad (C:\ProgramData\cocos\editors\Creator\3.6.2\resources\resources\3d\engine\bin\.cache\dev\editor\bundled\index.js:16568:25)
2024-03-27T07:07:15.762Z - warn: [Scene] illegal uniform handleError: [Scene] illegal uniform handle
    at Object.0 (C:\ProgramData\cocos\editors\Creator\3.6.2\resources\resources\3d\engine\bin\.cache\dev\editor\bundled\index.js:262401:52)
    at PassInstance.setUniform (C:\ProgramData\cocos\editors\Creator\3.6.2\resources\resources\3d\engine\bin\.cache\dev\editor\bundled\index.js:262743:28)
    at ParticleSystemRendererGPU.initShaderUniform (C:\ProgramData\cocos\editors\Creator\3.6.2\resources\resources\3d\engine\bin\.cache\dev\editor\bundled\index.js:170852:18)
    at ParticleSystemRendererGPU.updateMaterialParams (C:\ProgramData\cocos\editors\Creator\3.6.2\resources\resources\3d\engine\bin\.cache\dev\editor\bundled\index.js:171116:16)
    at ParticleSystemRendererGPU.onInit (C:\ProgramData\cocos\editors\Creator\3.6.2\resources\resources\3d\engine\bin\.cache\dev\editor\bundled\index.js:170623:16)
    at ParticleSystemRenderer.onInit (C:\ProgramData\cocos\editors\Creator\3.6.2\resources\resources\3d\engine\bin\.cache\dev\editor\bundled\index.js:170329:44)
    at ParticleSystem.onLoad (C:\ProgramData\cocos\editors\Creator\3.6.2\resources\resources\3d\engine\bin\.cache\dev\editor\bundled\index.js:16568:25)
2024-03-27T07:07:15.762Z - warn: [Scene] illegal uniform handleError: [Scene] illegal uniform handle
    at Object.0 (C:\ProgramData\cocos\editors\Creator\3.6.2\resources\resources\3d\engine\bin\.cache\dev\editor\bundled\index.js:262401:52)
    at PassInstance.setUniform (C:\ProgramData\cocos\editors\Creator\3.6.2\resources\resources\3d\engine\bin\.cache\dev\editor\bundled\index.js:262743:28)
    at ParticleSystemRendererGPU.initShaderUniform (C:\ProgramData\cocos\editors\Creator\3.6.2\resources\resources\3d\engine\bin\.cache\dev\editor\bundled\index.js:170964:18)
    at ParticleSystemRendererGPU.updateMaterialParams (C:\ProgramData\cocos\editors\Creator\3.6.2\resources\resources\3d\engine\bin\.cache\dev\editor\bundled\index.js:171116:16)
    at ParticleSystemRendererGPU.onInit (C:\ProgramData\cocos\editors\Creator\3.6.2\resources\resources\3d\engine\bin\.cache\dev\editor\bundled\index.js:170623:16)
    at ParticleSystemRenderer.onInit (C:\ProgramData\cocos\editors\Creator\3.6.2\resources\resources\3d\engine\bin\.cache\dev\editor\bundled\index.js:170329:44)
    at ParticleSystem.onLoad (C:\ProgramData\cocos\editors\Creator\3.6.2\resources\resources\3d\engine\bin\.cache\dev\editor\bundled\index.js:16568:25)
2024-03-27T07:07:15.763Z - warn: [Scene] cc.ParticleSystem: change material failed, please use proper particle materialError: [Scene] cc.ParticleSystem: change material failed, please use proper particle material
    at warn (C:\ProgramData\cocos\editors\Creator\3.6.2\resources\resources\3d\engine\bin\.cache\dev\editor\bundled\index.js:145571:12)
    at warnID (C:\ProgramData\cocos\editors\Creator\3.6.2\resources\resources\3d\engine\bin\.cache\dev\editor\bundled\index.js:145785:5)
    at ParticleSystemRenderer.set gpuMaterial [as gpuMaterial] (C:\ProgramData\cocos\editors\Creator\3.6.2\resources\resources\3d\engine\bin\.cache\dev\editor\bundled\index.js:170241:15)
    at ParticleSystemRenderer.onInit (C:\ProgramData\cocos\editors\Creator\3.6.2\resources\resources\3d\engine\bin\.cache\dev\editor\bundled\index.js:170342:30)
    at ParticleSystem.onLoad (C:\ProgramData\cocos\editors\Creator\3.6.2\resources\resources\3d\engine\bin\.cache\dev\editor\bundled\index.js:16568:25)
    at eval (C:\ProgramData\cocos\editors\Creator\3.6.2\resources\resources\3d\engine\bin\.cache\dev\editor\bundled\index.js:153415:16)
    at OneOffInvoker.eval [as _invoke] (C:\ProgramData\cocos\editors\Creator\3.6.2\resources\resources\3d\engine\bin\.cache\dev\editor\bundled\index.js:151963:9)
2024-03-27T07:07:15.764Z - warn: [Scene] illegal uniform handleError: [Scene] illegal uniform handle
    at Object.0 (C:\ProgramData\cocos\editors\Creator\3.6.2\resources\resources\3d\engine\bin\.cache\dev\editor\bundled\index.js:262401:52)
    at PassInstance.setUniform (C:\ProgramData\cocos\editors\Creator\3.6.2\resources\resources\3d\engine\bin\.cache\dev\editor\bundled\index.js:262743:28)
    at ParticleSystemRendererGPU.initShaderUniform (C:\ProgramData\cocos\editors\Creator\3.6.2\resources\resources\3d\engine\bin\.cache\dev\editor\bundled\index.js:170834:16)
    at ParticleSystemRendererGPU.updateMaterialParams (C:\ProgramData\cocos\editors\Creator\3.6.2\resources\resources\3d\engine\bin\.cache\dev\editor\bundled\index.js:171116:16)
    at ParticleSystemRendererGPU.onInit (C:\ProgramData\cocos\editors\Creator\3.6.2\resources\resources\3d\engine\bin\.cache\dev\editor\bundled\index.js:170623:16)
    at ParticleSystemRenderer.onInit (C:\ProgramData\cocos\editors\Creator\3.6.2\resources\resources\3d\engine\bin\.cache\dev\editor\bundled\index.js:170329:44)
    at ParticleSystem.onLoad (C:\ProgramData\cocos\editors\Creator\3.6.2\resources\resources\3d\engine\bin\.cache\dev\editor\bundled\index.js:16568:25)
2024-03-27T07:07:15.764Z - warn: [Scene] illegal uniform handleError: [Scene] illegal uniform handle
    at Object.0 (C:\ProgramData\cocos\editors\Creator\3.6.2\resources\resources\3d\engine\bin\.cache\dev\editor\bundled\index.js:262401:52)
    at PassInstance.setUniform (C:\ProgramData\cocos\editors\Creator\3.6.2\resources\resources\3d\engine\bin\.cache\dev\editor\bundled\index.js:262743:28)
    at ParticleSystemRendererGPU.initShaderUniform (C:\ProgramData\cocos\editors\Creator\3.6.2\resources\resources\3d\engine\bin\.cache\dev\editor\bundled\index.js:170850:18)
    at ParticleSystemRendererGPU.updateMaterialParams (C:\ProgramData\cocos\editors\Creator\3.6.2\resources\resources\3d\engine\bin\.cache\dev\editor\bundled\index.js:171116:16)
    at ParticleSystemRendererGPU.onInit (C:\ProgramData\cocos\editors\Creator\3.6.2\resources\resources\3d\engine\bin\.cache\dev\editor\bundled\index.js:170623:16)
    at ParticleSystemRenderer.onInit (C:\ProgramData\cocos\editors\Creator\3.6.2\resources\resources\3d\engine\bin\.cache\dev\editor\bundled\index.js:170329:44)
    at ParticleSystem.onLoad (C:\ProgramData\cocos\editors\Creator\3.6.2\resources\resources\3d\engine\bin\.cache\dev\editor\bundled\index.js:16568:25)
2024-03-27T07:07:15.764Z - warn: [Scene] illegal uniform handleError: [Scene] illegal uniform handle
    at Object.0 (C:\ProgramData\cocos\editors\Creator\3.6.2\resources\resources\3d\engine\bin\.cache\dev\editor\bundled\index.js:262401:52)
    at PassInstance.setUniform (C:\ProgramData\cocos\editors\Creator\3.6.2\resources\resources\3d\engine\bin\.cache\dev\editor\bundled\index.js:262743:28)
    at ParticleSystemRendererGPU.initShaderUniform (C:\ProgramData\cocos\editors\Creator\3.6.2\resources\resources\3d\engine\bin\.cache\dev\editor\bundled\index.js:170852:18)
    at ParticleSystemRendererGPU.updateMaterialParams (C:\ProgramData\cocos\editors\Creator\3.6.2\resources\resources\3d\engine\bin\.cache\dev\editor\bundled\index.js:171116:16)
    at ParticleSystemRendererGPU.onInit (C:\ProgramData\cocos\editors\Creator\3.6.2\resources\resources\3d\engine\bin\.cache\dev\editor\bundled\index.js:170623:16)
    at ParticleSystemRenderer.onInit (C:\ProgramData\cocos\editors\Creator\3.6.2\resources\resources\3d\engine\bin\.cache\dev\editor\bundled\index.js:170329:44)
    at ParticleSystem.onLoad (C:\ProgramData\cocos\editors\Creator\3.6.2\resources\resources\3d\engine\bin\.cache\dev\editor\bundled\index.js:16568:25)
2024-03-27T07:07:15.764Z - warn: [Scene] illegal uniform handleError: [Scene] illegal uniform handle
    at Object.0 (C:\ProgramData\cocos\editors\Creator\3.6.2\resources\resources\3d\engine\bin\.cache\dev\editor\bundled\index.js:262401:52)
    at PassInstance.setUniform (C:\ProgramData\cocos\editors\Creator\3.6.2\resources\resources\3d\engine\bin\.cache\dev\editor\bundled\index.js:262743:28)
    at ParticleSystemRendererGPU.initShaderUniform (C:\ProgramData\cocos\editors\Creator\3.6.2\resources\resources\3d\engine\bin\.cache\dev\editor\bundled\index.js:170964:18)
    at ParticleSystemRendererGPU.updateMaterialParams (C:\ProgramData\cocos\editors\Creator\3.6.2\resources\resources\3d\engine\bin\.cache\dev\editor\bundled\index.js:171116:16)
    at ParticleSystemRendererGPU.onInit (C:\ProgramData\cocos\editors\Creator\3.6.2\resources\resources\3d\engine\bin\.cache\dev\editor\bundled\index.js:170623:16)
    at ParticleSystemRenderer.onInit (C:\ProgramData\cocos\editors\Creator\3.6.2\resources\resources\3d\engine\bin\.cache\dev\editor\bundled\index.js:170329:44)
    at ParticleSystem.onLoad (C:\ProgramData\cocos\editors\Creator\3.6.2\resources\resources\3d\engine\bin\.cache\dev\editor\bundled\index.js:16568:25)
2024-03-27T07:07:15.764Z - warn: [Scene] cc.ParticleSystem: change material failed, please use proper particle materialError: [Scene] cc.ParticleSystem: change material failed, please use proper particle material
    at warn (C:\ProgramData\cocos\editors\Creator\3.6.2\resources\resources\3d\engine\bin\.cache\dev\editor\bundled\index.js:145571:12)
    at warnID (C:\ProgramData\cocos\editors\Creator\3.6.2\resources\resources\3d\engine\bin\.cache\dev\editor\bundled\index.js:145785:5)
    at ParticleSystemRenderer.set gpuMaterial [as gpuMaterial] (C:\ProgramData\cocos\editors\Creator\3.6.2\resources\resources\3d\engine\bin\.cache\dev\editor\bundled\index.js:170241:15)
    at ParticleSystemRenderer.onInit (C:\ProgramData\cocos\editors\Creator\3.6.2\resources\resources\3d\engine\bin\.cache\dev\editor\bundled\index.js:170342:30)
    at ParticleSystem.onLoad (C:\ProgramData\cocos\editors\Creator\3.6.2\resources\resources\3d\engine\bin\.cache\dev\editor\bundled\index.js:16568:25)
    at eval (C:\ProgramData\cocos\editors\Creator\3.6.2\resources\resources\3d\engine\bin\.cache\dev\editor\bundled\index.js:153415:16)
    at OneOffInvoker.eval [as _invoke] (C:\ProgramData\cocos\editors\Creator\3.6.2\resources\resources\3d\engine\bin\.cache\dev\editor\bundled\index.js:151963:9)
2024-03-27T07:07:56.652Z - warn: Metrics: no valid info
2024-03-27T07:07:57.128Z - error: Cannot read property 'name' of nullTypeError: Cannot read property 'name' of null
    at C:\Users\ren-yang\Desktop\cocos2Test\Projects\Fishing1\extensions\print-bundle-dependencies\dist\main.js:32:65
    at Timeout._onTimeout (C:\Users\ren-yang\Desktop\cocos2Test\Projects\Fishing1\extensions\print-bundle-dependencies\dist\main.js:29:27)
