2025-4-13 19:41:56-log: Cannot access game frame or container.
2025-4-13 19:41:56-debug: asset-db:require-engine-code (2584ms)
2025-4-13 19:41:56-log: Cocos Creator v3.8.1
2025-4-13 19:41:56-debug: [Assets Memory track]: asset-db:worker-init: initEngine start:21.97MB, end 90.34MB, increase: 68.36MB
2025-4-13 19:41:57-debug: [Assets Memory track]: asset-db-plugin-register: programming start:91.12MB, end 96.90MB, increase: 5.78MB
2025-4-13 19:41:57-debug: [Assets Memory track]: asset-db-plugin-register: engine-extends start:96.95MB, end 100.47MB, increase: 3.52MB
2025-4-13 19:41:57-debug: [Assets Memory track]: asset-db:worker-init: initPlugin start:90.35MB, end 100.49MB, increase: 10.14MB
2025-4-13 19:41:57-debug: [Assets Memory track]: asset-db-plugin-enable: project start:97.09MB, end 100.48MB, increase: 3.39MB
2025-4-13 19:41:57-debug: run package(builder) handler(enable) start
2025-4-13 19:42:14-debug: [Assets Memory track]: asset-db-plugin-enable: builder start:100.58MB, end 321.04MB, increase: 220.46MB
2025-4-13 19:42:14-debug: run package(builder) handler(enable) success!
2025-4-13 19:42:14-debug: run package(shortcuts) handler(enable) start
2025-4-13 19:42:14-debug: asset-db:worker-init: initPlugin (114ms)
2025-4-13 19:42:14-debug: run package(shortcuts) handler(enable) success!
2025-4-13 19:42:14-debug: run package(animation-graph) handler(enable) success!
2025-4-13 19:42:14-debug: run package(about) handler(enable) start
2025-4-13 19:42:14-debug: run package(about) handler(enable) success!
2025-4-13 19:42:14-debug: run package(assets) handler(enable) success!
2025-4-13 19:42:14-debug: run package(console) handler(enable) start
2025-4-13 19:42:14-debug: run package(assets) handler(enable) start
2025-4-13 19:42:14-debug: run package(crash-reporter) handler(enable) start
2025-4-13 19:42:14-debug: run package(console) handler(enable) success!
2025-4-13 19:42:14-debug: run package(crash-reporter) handler(enable) success!
2025-4-13 19:42:14-debug: run package(animation-graph) handler(enable) start
2025-4-13 19:42:14-debug: run package(hierarchy) handler(enable) success!
2025-4-13 19:42:14-debug: run package(hierarchy) handler(enable) start
2025-4-13 19:42:14-debug: run package(inspector) handler(enable) start
2025-4-13 19:42:14-debug: run package(inspector) handler(enable) success!
2025-4-13 19:42:14-debug: run package(light-probe) handler(enable) start
2025-4-13 19:42:14-debug: run package(light-probe) handler(enable) success!
2025-4-13 19:42:14-debug: run package(extension) handler(enable) start
2025-4-13 19:42:14-debug: run package(lightmap) handler(enable) start
2025-4-13 19:42:14-debug: run package(extension) handler(enable) success!
2025-4-13 19:42:14-debug: run package(lightmap) handler(enable) success!
2025-4-13 19:42:14-debug: run package(node-library) handler(enable) start
2025-4-13 19:42:14-debug: run package(node-library) handler(enable) success!
2025-4-13 19:42:14-debug: run package(package-asset) handler(enable) start
2025-4-13 19:42:14-debug: run package(process) handler(enable) success!
2025-4-13 19:42:14-debug: run package(reference-image) handler(enable) start
2025-4-13 19:42:14-debug: run package(reference-image) handler(enable) success!
2025-4-13 19:42:14-debug: run package(process) handler(enable) start
2025-4-13 19:42:14-debug: run package(reflection-probe) handler(enable) start
2025-4-13 19:42:14-debug: run package(engine-extends) handler(enable) start
2025-4-13 19:42:14-debug: run package(reflection-probe) handler(enable) success!
2025-4-13 19:42:14-debug: run package(engine-extends) handler(enable) success!
2025-4-13 19:42:14-debug: run package(adsense-h5g-plugin) handler(enable) start
2025-4-13 19:42:14-debug: run package(adsense-h5g-plugin) handler(enable) success!
2025-4-13 19:42:14-debug: run package(alipay-mini-game) handler(enable) start
2025-4-13 19:42:14-debug: run package(alipay-mini-game) handler(enable) success!
2025-4-13 19:42:14-debug: run package(android) handler(enable) start
2025-4-13 19:42:14-debug: run package(android) handler(enable) success!
2025-4-13 19:42:14-debug: run package(bytedance-mini-game) handler(enable) start
2025-4-13 19:42:14-debug: run package(certificate) handler(enable) success!
2025-4-13 19:42:14-debug: run package(bytedance-mini-game) handler(enable) success!
2025-4-13 19:42:14-debug: run package(channel-upload-tools) handler(enable) start
2025-4-13 19:42:14-debug: run package(certificate) handler(enable) start
2025-4-13 19:42:14-debug: run package(package-asset) handler(enable) success!
2025-4-13 19:42:14-debug: run package(channel-upload-tools) handler(enable) success!
2025-4-13 19:42:14-debug: run package(fb-instant-games) handler(enable) start
2025-4-13 19:42:14-debug: run package(fb-instant-games) handler(enable) success!
2025-4-13 19:42:14-debug: run package(huawei-agc) handler(enable) success!
2025-4-13 19:42:14-debug: run package(huawei-quick-game) handler(enable) start
2025-4-13 19:42:14-debug: run package(huawei-quick-game) handler(enable) success!
2025-4-13 19:42:14-debug: run package(ios) handler(enable) start
2025-4-13 19:42:14-debug: run package(ios) handler(enable) success!
2025-4-13 19:42:14-debug: run package(huawei-agc) handler(enable) start
2025-4-13 19:42:14-debug: run package(linux) handler(enable) success!
2025-4-13 19:42:14-debug: run package(linux) handler(enable) start
2025-4-13 19:42:14-debug: run package(mac) handler(enable) success!
2025-4-13 19:42:14-debug: run package(native) handler(enable) start
2025-4-13 19:42:14-debug: run package(ohos) handler(enable) start
2025-4-13 19:42:14-debug: run package(native) handler(enable) success!
2025-4-13 19:42:14-debug: run package(openharmony) handler(enable) start
2025-4-13 19:42:14-debug: run package(ohos) handler(enable) success!
2025-4-13 19:42:14-debug: run package(openharmony) handler(enable) success!
2025-4-13 19:42:14-debug: run package(oppo-mini-game) handler(enable) success!
2025-4-13 19:42:14-debug: run package(mac) handler(enable) start
2025-4-13 19:42:14-debug: run package(oppo-mini-game) handler(enable) start
2025-4-13 19:42:14-debug: run package(runtime-dev-tools) handler(enable) start
2025-4-13 19:42:14-debug: run package(taobao-creative-app) handler(enable) success!
2025-4-13 19:42:14-debug: run package(taobao-creative-app) handler(enable) start
2025-4-13 19:42:14-debug: run package(runtime-dev-tools) handler(enable) success!
2025-4-13 19:42:14-debug: run package(vivo-mini-game) handler(enable) start
2025-4-13 19:42:14-debug: run package(taobao-mini-game) handler(enable) start
2025-4-13 19:42:14-debug: run package(taobao-mini-game) handler(enable) success!
2025-4-13 19:42:14-debug: run package(web-desktop) handler(enable) success!
2025-4-13 19:42:14-debug: run package(vivo-mini-game) handler(enable) success!
2025-4-13 19:42:14-debug: run package(web-mobile) handler(enable) start
2025-4-13 19:42:14-debug: run package(web-mobile) handler(enable) success!
2025-4-13 19:42:14-debug: run package(wechatgame) handler(enable) success!
2025-4-13 19:42:14-debug: run package(wechatgame) handler(enable) start
2025-4-13 19:42:14-debug: run package(web-desktop) handler(enable) start
2025-4-13 19:42:14-debug: run package(wechatprogram) handler(enable) start
2025-4-13 19:42:14-debug: run package(windows) handler(enable) success!
2025-4-13 19:42:14-debug: run package(windows) handler(enable) start
2025-4-13 19:42:14-debug: run package(wechatprogram) handler(enable) success!
2025-4-13 19:42:14-debug: run package(xiaomi-quick-game) handler(enable) start
2025-4-13 19:42:14-debug: run package(cocos-service) handler(enable) success!
2025-4-13 19:42:14-debug: run package(im-plugin) handler(enable) start
2025-4-13 19:42:14-debug: run package(xiaomi-quick-game) handler(enable) success!
2025-4-13 19:42:14-debug: run package(print-bundle-dependencies) handler(enable) start
2025-4-13 19:42:14-debug: run package(im-plugin) handler(enable) success!
2025-4-13 19:42:14-debug: run package(print-bundle-dependencies) handler(enable) success!
2025-4-13 19:42:14-debug: run package(cocos-service) handler(enable) start
2025-4-13 19:42:14-debug: run package(placeholder) handler(enable) success!
2025-4-13 19:42:14-debug: run package(placeholder) handler(enable) start
2025-4-13 19:42:14-debug: Run asset db hook programming:beforePreStart ...
2025-4-13 19:42:14-debug: Run asset db hook programming:beforePreStart success!
2025-4-13 19:42:14-debug: Run asset db hook engine-extends:beforePreStart ...
2025-4-13 19:42:14-debug: [Assets Memory track]: asset-db:worker-init start:21.97MB, end 319.81MB, increase: 297.83MB
2025-4-13 19:42:14-debug: Run asset db hook engine-extends:beforePreStart success!
2025-4-13 19:42:16-debug: asset-db:worker-init (22740ms)
2025-4-13 19:42:16-debug: asset-db-hook-programming-beforePreStart (2392ms)
2025-4-13 19:42:16-debug: asset-db-hook-engine-extends-beforePreStart (2391ms)
2025-4-13 19:42:16-debug: Preimport db internal success
2025-4-13 19:42:18-debug: Preimport db assets success
2025-4-13 19:42:18-debug: Run asset db hook programming:afterPreStart ...
2025-4-13 19:42:19-debug: Set detail map pack:///resolution-detail-map.json: {}
2025-4-13 19:42:19-debug: Run asset db hook programming:afterPreStart success!
2025-4-13 19:42:19-debug: Run asset db hook engine-extends:afterPreStart success!
2025-4-13 19:42:19-debug: Run asset db hook engine-extends:afterPreStart ...
2025-4-13 19:42:19-debug: [Assets Memory track]: asset-db:worker-init: preStart start:319.81MB, end 335.89MB, increase: 16.08MB
2025-4-13 19:42:19-debug: Start up the 'internal' database...
2025-4-13 19:42:19-debug: asset-db-hook-programming-afterPreStart (1603ms)
2025-4-13 19:42:19-debug: asset-db:worker-effect-data-processing (495ms)
2025-4-13 19:42:19-debug: asset-db-hook-engine-extends-afterPreStart (495ms)
2025-4-13 19:42:20-debug: start asset-db(internal) with asset: 463
2025-4-13 19:42:20-debug: [Assets Memory track]: asset-db:worker-startup-database[internal] start:329.95MB, end 333.53MB, increase: 3.57MB
2025-4-13 19:42:20-debug: Start up the 'assets' database...
2025-4-13 19:42:22-debug: asset-db:worker-startup-database[internal] (6983ms)
2025-4-13 19:42:22-debug: start asset-db(assets) with asset: 702
2025-4-13 19:42:22-debug: asset-db:worker-startup-database[assets] (5677ms)
2025-4-13 19:42:22-debug: asset-db:ready (31486ms)
2025-4-13 19:42:22-debug: asset-db:start-database (8476ms)
2025-4-13 19:42:23-debug: [Build Memory track]: builder:worker-init start:287.34MB, end 297.84MB, increase: 10.50MB
2025-4-13 19:42:22-debug: init worker message success
2025-4-13 19:42:23-debug: programming:execute-script (39ms)
2025-4-13 19:42:23-debug: builder:worker-init (816ms)
2025-4-13 19:42:24-debug: programming:execute-script (10ms)
2025-4-13 19:47:33-debug: refresh db internal success
2025-4-13 19:47:33-debug: refresh db assets success
2025-4-13 19:47:33-debug: Run asset db hook engine-extends:afterRefresh ...
2025-4-13 19:47:33-debug: Run asset db hook engine-extends:afterRefresh success!
2025-4-13 19:47:33-debug: asset-db:refresh-all-database (422ms)
2025-4-13 19:47:33-debug: asset-db:worker-effect-data-processing (1ms)
2025-4-13 19:47:33-debug: asset-db-hook-engine-extends-afterRefresh (1ms)
