2025-5-14 23:40:13-log: Cannot access game frame or container.
2025-5-14 23:40:14-debug: asset-db:require-engine-code (2574ms)
2025-5-14 23:40:14-log: Cocos Creator v3.8.1
2025-5-14 23:40:14-debug: [Assets Memory track]: asset-db:worker-init: initEngine start:22.25MB, end 92.80MB, increase: 70.55MB
2025-5-14 23:40:14-debug: [Assets Memory track]: asset-db-plugin-register: programming start:93.61MB, end 97.13MB, increase: 3.52MB
2025-5-14 23:40:22-debug: [Assets Memory track]: asset-db-plugin-register: engine-extends start:97.18MB, end 307.19MB, increase: 210.01MB
2025-5-14 23:40:22-debug: [Assets Memory track]: asset-db:worker-init: initPlugin start:92.80MB, end 307.20MB, increase: 214.40MB
2025-5-14 23:40:22-debug: [Assets Memory track]: asset-db-plugin-enable: project start:97.31MB, end 307.20MB, increase: 209.88MB
2025-5-14 23:40:22-debug: [Assets Memory track]: asset-db-plugin-enable: builder start:97.63MB, end 308.20MB, increase: 210.56MB
2025-5-14 23:40:22-debug: run package(lightmap) handler(enable) start
2025-5-14 23:40:22-debug: run package(lightmap) handler(enable) success!
2025-5-14 23:40:22-debug: run package(node-library) handler(enable) start
2025-5-14 23:40:22-debug: run package(package-asset) handler(enable) start
2025-5-14 23:40:22-debug: run package(package-asset) handler(enable) success!
2025-5-14 23:40:22-debug: run package(process) handler(enable) start
2025-5-14 23:40:22-debug: run package(reference-image) handler(enable) start
2025-5-14 23:40:22-debug: run package(reference-image) handler(enable) success!
2025-5-14 23:40:22-debug: run package(reflection-probe) handler(enable) start
2025-5-14 23:40:22-debug: run package(reflection-probe) handler(enable) success!
2025-5-14 23:40:22-debug: run package(engine-extends) handler(enable) start
2025-5-14 23:40:22-debug: run package(adsense-h5g-plugin) handler(enable) start
2025-5-14 23:40:22-debug: run package(adsense-h5g-plugin) handler(enable) success!
2025-5-14 23:40:22-debug: run package(alipay-mini-game) handler(enable) start
2025-5-14 23:40:22-debug: run package(alipay-mini-game) handler(enable) success!
2025-5-14 23:40:22-debug: run package(android) handler(enable) start
2025-5-14 23:40:22-debug: run package(android) handler(enable) success!
2025-5-14 23:40:22-debug: run package(bytedance-mini-game) handler(enable) start
2025-5-14 23:40:22-debug: run package(bytedance-mini-game) handler(enable) success!
2025-5-14 23:40:22-debug: run package(node-library) handler(enable) success!
2025-5-14 23:40:22-debug: run package(certificate) handler(enable) start
2025-5-14 23:40:22-debug: run package(certificate) handler(enable) success!
2025-5-14 23:40:22-debug: run package(channel-upload-tools) handler(enable) success!
2025-5-14 23:40:22-debug: run package(fb-instant-games) handler(enable) start
2025-5-14 23:40:22-debug: run package(channel-upload-tools) handler(enable) start
2025-5-14 23:40:22-debug: run package(fb-instant-games) handler(enable) success!
2025-5-14 23:40:22-debug: run package(engine-extends) handler(enable) success!
2025-5-14 23:40:22-debug: run package(huawei-agc) handler(enable) start
2025-5-14 23:40:22-debug: run package(process) handler(enable) success!
2025-5-14 23:40:22-debug: run package(huawei-agc) handler(enable) success!
2025-5-14 23:40:22-debug: run package(huawei-quick-game) handler(enable) start
2025-5-14 23:40:22-debug: run package(huawei-quick-game) handler(enable) success!
2025-5-14 23:40:22-debug: run package(ios) handler(enable) start
2025-5-14 23:40:22-debug: run package(linux) handler(enable) start
2025-5-14 23:40:22-debug: run package(linux) handler(enable) success!
2025-5-14 23:40:22-debug: run package(mac) handler(enable) success!
2025-5-14 23:40:22-debug: run package(ios) handler(enable) success!
2025-5-14 23:40:22-debug: run package(native) handler(enable) start
2025-5-14 23:40:22-debug: run package(native) handler(enable) success!
2025-5-14 23:40:22-debug: run package(ohos) handler(enable) success!
2025-5-14 23:40:22-debug: run package(ohos) handler(enable) start
2025-5-14 23:40:22-debug: run package(openharmony) handler(enable) start
2025-5-14 23:40:22-debug: run package(openharmony) handler(enable) success!
2025-5-14 23:40:22-debug: run package(oppo-mini-game) handler(enable) start
2025-5-14 23:40:22-debug: run package(mac) handler(enable) start
2025-5-14 23:40:22-debug: run package(oppo-mini-game) handler(enable) success!
2025-5-14 23:40:22-debug: run package(runtime-dev-tools) handler(enable) success!
2025-5-14 23:40:22-debug: run package(runtime-dev-tools) handler(enable) start
2025-5-14 23:40:22-debug: run package(taobao-creative-app) handler(enable) start
2025-5-14 23:40:22-debug: run package(taobao-creative-app) handler(enable) success!
2025-5-14 23:40:22-debug: run package(taobao-mini-game) handler(enable) start
2025-5-14 23:40:22-debug: run package(vivo-mini-game) handler(enable) start
2025-5-14 23:40:22-debug: run package(vivo-mini-game) handler(enable) success!
2025-5-14 23:40:22-debug: run package(web-desktop) handler(enable) success!
2025-5-14 23:40:22-debug: run package(web-desktop) handler(enable) start
2025-5-14 23:40:22-debug: run package(web-mobile) handler(enable) start
2025-5-14 23:40:22-debug: run package(web-mobile) handler(enable) success!
2025-5-14 23:40:22-debug: run package(wechatgame) handler(enable) start
2025-5-14 23:40:22-debug: run package(wechatgame) handler(enable) success!
2025-5-14 23:40:22-debug: run package(wechatprogram) handler(enable) success!
2025-5-14 23:40:22-debug: run package(wechatprogram) handler(enable) start
2025-5-14 23:40:22-debug: run package(windows) handler(enable) success!
2025-5-14 23:40:22-debug: run package(xiaomi-quick-game) handler(enable) start
2025-5-14 23:40:22-debug: run package(xiaomi-quick-game) handler(enable) success!
2025-5-14 23:40:22-debug: run package(windows) handler(enable) start
2025-5-14 23:40:22-debug: run package(cocos-service) handler(enable) start
2025-5-14 23:40:22-debug: run package(cocos-service) handler(enable) success!
2025-5-14 23:40:22-debug: run package(im-plugin) handler(enable) success!
2025-5-14 23:40:22-debug: run package(im-plugin) handler(enable) start
2025-5-14 23:40:22-debug: run package(print-bundle-dependencies) handler(enable) start
2025-5-14 23:40:22-debug: run package(print-bundle-dependencies) handler(enable) success!
2025-5-14 23:40:22-debug: run package(taobao-mini-game) handler(enable) success!
2025-5-14 23:40:22-debug: asset-db:worker-init: initPlugin (7953ms)
2025-5-14 23:40:22-debug: run package(placeholder) handler(enable) start
2025-5-14 23:40:22-debug: run package(placeholder) handler(enable) success!
2025-5-14 23:40:22-debug: [Assets Memory track]: asset-db:worker-init start:22.25MB, end 305.68MB, increase: 283.43MB
2025-5-14 23:40:22-debug: Run asset db hook programming:beforePreStart ...
2025-5-14 23:40:22-debug: Run asset db hook programming:beforePreStart success!
2025-5-14 23:40:22-debug: Run asset db hook engine-extends:beforePreStart success!
2025-5-14 23:40:22-debug: Run asset db hook engine-extends:beforePreStart ...
2025-5-14 23:40:24-debug: asset-db:worker-init (13044ms)
2025-5-14 23:40:24-debug: asset-db-hook-programming-beforePreStart (1891ms)
2025-5-14 23:40:24-debug: asset-db-hook-engine-extends-beforePreStart (1891ms)
2025-5-14 23:40:24-debug: Preimport db internal success
2025-5-14 23:40:26-debug: Preimport db assets success
2025-5-14 23:40:26-debug: Run asset db hook programming:afterPreStart ...
2025-5-14 23:40:27-debug: Set detail map pack:///resolution-detail-map.json: {}
2025-5-14 23:40:27-debug: Run asset db hook programming:afterPreStart success!
2025-5-14 23:40:27-debug: [Assets Memory track]: asset-db:worker-init: preStart start:305.68MB, end 323.80MB, increase: 18.11MB
2025-5-14 23:40:27-debug: Run asset db hook engine-extends:afterPreStart success!
2025-5-14 23:40:27-debug: Start up the 'internal' database...
2025-5-14 23:40:27-debug: Run asset db hook engine-extends:afterPreStart ...
2025-5-14 23:40:28-debug: asset-db-hook-programming-afterPreStart (1668ms)
2025-5-14 23:40:28-debug: asset-db-hook-engine-extends-afterPreStart (543ms)
2025-5-14 23:40:28-debug: asset-db:worker-effect-data-processing (543ms)
2025-5-14 23:40:28-debug: start asset-db(internal) with asset: 463
2025-5-14 23:40:28-debug: [Assets Memory track]: asset-db:worker-startup-database[internal] start:317.56MB, end 322.20MB, increase: 4.64MB
2025-5-14 23:40:28-debug: Start up the 'assets' database...
2025-5-14 23:40:29-debug: asset-db:worker-startup-database[internal] (6152ms)
2025-5-14 23:40:30-debug: start asset-db(assets) with asset: 702
2025-5-14 23:40:30-debug: [Assets Memory track]: asset-db:worker-startup-database[assets] start:320.11MB, end 324.97MB, increase: 4.86MB
2025-5-14 23:40:30-debug: [Assets Memory track]: asset-db:worker-init: startup start:323.80MB, end 324.98MB, increase: 1.18MB
2025-5-14 23:40:30-debug: asset-db:start-database (7515ms)
2025-5-14 23:40:30-debug: asset-db:worker-startup-database[assets] (5321ms)
2025-5-14 23:40:30-debug: asset-db:ready (21216ms)
2025-5-14 23:40:30-debug: init worker message success
2025-5-14 23:40:30-debug: programming:execute-script (1ms)
2025-5-14 23:40:30-debug: [Build Memory track]: builder:worker-init start:328.39MB, end 337.28MB, increase: 8.90MB
2025-5-14 23:40:30-debug: builder:worker-init (729ms)
2025-5-14 23:40:31-debug: programming:execute-script (10ms)
