2026-2-3 23:18:47-log: Cannot access game frame or container.
2026-2-3 23:18:47-debug: asset-db:require-engine-code (583ms)
2026-2-3 23:18:47-log: meshopt wasm decoder initialized
2026-2-3 23:18:47-log: [bullet]:bullet wasm lib loaded.
2026-2-3 23:18:47-log: [box2d]:box2d wasm lib loaded.
2026-2-3 23:18:47-log: Cocos Creator v3.8.3
2026-2-3 23:18:51-debug: [Assets Memory track]: asset-db:worker-init: initEngine start:26.01MB, end 77.93MB, increase: 51.92MB
2026-2-3 23:18:51-debug: [Assets Memory track]: asset-db-plugin-register: programming start:78.91MB, end 82.30MB, increase: 3.39MB
2026-2-3 23:18:55-debug: [Assets Memory track]: asset-db-plugin-register: engine-extends start:166.05MB, end 169.10MB, increase: 3.05MB
2026-2-3 23:18:55-debug: [Assets Memory track]: asset-db-plugin-register: builder start:82.32MB, end 165.83MB, increase: 83.51MB
2026-2-3 23:18:55-debug: [Assets Memory track]: asset-db:worker-init: initPlugin start:77.94MB, end 169.18MB, increase: 91.25MB
2026-2-3 23:18:55-debug: [Assets Memory track]: asset-db-plugin-register: project start:78.78MB, end 169.16MB, increase: 90.38MB
2026-2-3 23:18:55-debug: run package(cocos-service) handler(enable) success!
2026-2-3 23:18:55-debug: run package(cocos-service) handler(enable) start
2026-2-3 23:18:55-debug: run package(im-plugin) handler(enable) start
2026-2-3 23:18:55-debug: run package(check_pos_z) handler(enable) success!
2026-2-3 23:18:55-debug: run package(placeholder) handler(enable) start
2026-2-3 23:18:55-debug: run package(placeholder) handler(enable) success!
2026-2-3 23:18:55-debug: run package(im-plugin) handler(enable) success!
2026-2-3 23:18:55-debug: asset-db:worker-init: initPlugin (4019ms)
2026-2-3 23:18:55-debug: run package(check_pos_z) handler(enable) start
2026-2-3 23:18:55-debug: [Assets Memory track]: asset-db:worker-init start:26.00MB, end 169.53MB, increase: 143.52MB
2026-2-3 23:18:55-debug: Run asset db hook programming:beforePreStart ...
2026-2-3 23:18:55-debug: Run asset db hook programming:beforePreStart success!
2026-2-3 23:18:55-debug: Run asset db hook engine-extends:beforePreStart success!
2026-2-3 23:18:55-debug: Run asset db hook engine-extends:beforePreStart ...
2026-2-3 23:18:58-debug: asset-db:worker-init (11757ms)
2026-2-3 23:18:58-debug: asset-db-hook-programming-beforePreStart (3274ms)
2026-2-3 23:18:58-debug: asset-db-hook-engine-extends-beforePreStart (3274ms)
2026-2-3 23:19:00-debug: Preimport db internal success
2026-2-3 23:19:06-debug: Preimport db assets success
2026-2-3 23:19:06-debug: Run asset db hook programming:afterPreStart ...
2026-2-3 23:19:06-debug: starting packer-driver...
2026-2-3 23:19:10-debug: initialize scripting environment...
2026-2-3 23:19:10-debug: Set detail map pack:///resolution-detail-map.json: {}
2026-2-3 23:19:10-debug: Run asset db hook programming:afterPreStart success!
2026-2-3 23:19:10-debug: Run asset db hook engine-extends:afterPreStart ...
2026-2-3 23:19:10-debug: Run asset db hook engine-extends:afterPreStart success!
2026-2-3 23:19:10-debug: Start up the 'internal' database...
2026-2-3 23:19:12-debug: asset-db-hook-programming-afterPreStart (5449ms)
2026-2-3 23:19:12-debug: asset-db:worker-effect-data-processing (1749ms)
2026-2-3 23:19:12-debug: asset-db-hook-engine-extends-afterPreStart (1749ms)
2026-2-3 23:19:12-debug: Start up the 'assets' database...
2026-2-3 23:19:23-debug: asset-db:worker-startup-database[internal] (27872ms)
2026-2-3 23:19:24-debug: [Assets Memory track]: asset-db:worker-init: startup start:150.51MB, end 169.87MB, increase: 19.36MB
2026-2-3 23:19:24-debug: lazy register asset handler *
2026-2-3 23:19:24-debug: lazy register asset handler directory
2026-2-3 23:19:24-debug: lazy register asset handler json
2026-2-3 23:19:24-debug: lazy register asset handler dragonbones-atlas
2026-2-3 23:19:24-debug: lazy register asset handler text
2026-2-3 23:19:24-debug: lazy register asset handler dragonbones
2026-2-3 23:19:24-debug: lazy register asset handler terrain
2026-2-3 23:19:24-debug: lazy register asset handler javascript
2026-2-3 23:19:24-debug: lazy register asset handler spine-data
2026-2-3 23:19:24-debug: lazy register asset handler prefab
2026-2-3 23:19:24-debug: lazy register asset handler sprite-frame
2026-2-3 23:19:24-debug: lazy register asset handler typescript
2026-2-3 23:19:24-debug: lazy register asset handler tiled-map
2026-2-3 23:19:24-debug: lazy register asset handler buffer
2026-2-3 23:19:24-debug: lazy register asset handler scene
2026-2-3 23:19:24-debug: lazy register asset handler sign-image
2026-2-3 23:19:24-debug: lazy register asset handler image
2026-2-3 23:19:24-debug: lazy register asset handler alpha-image
2026-2-3 23:19:24-debug: lazy register asset handler texture-cube
2026-2-3 23:19:24-debug: lazy register asset handler erp-texture-cube
2026-2-3 23:19:24-debug: lazy register asset handler texture-cube-face
2026-2-3 23:19:24-debug: lazy register asset handler render-texture
2026-2-3 23:19:24-debug: lazy register asset handler rt-sprite-frame
2026-2-3 23:19:24-debug: lazy register asset handler gltf-mesh
2026-2-3 23:19:24-debug: lazy register asset handler gltf
2026-2-3 23:19:24-debug: lazy register asset handler texture
2026-2-3 23:19:24-debug: lazy register asset handler gltf-animation
2026-2-3 23:19:24-debug: lazy register asset handler gltf-skeleton
2026-2-3 23:19:24-debug: lazy register asset handler gltf-scene
2026-2-3 23:19:24-debug: lazy register asset handler gltf-embeded-image
2026-2-3 23:19:24-debug: lazy register asset handler material
2026-2-3 23:19:24-debug: lazy register asset handler gltf-material
2026-2-3 23:19:24-debug: lazy register asset handler physics-material
2026-2-3 23:19:24-debug: lazy register asset handler effect-header
2026-2-3 23:19:24-debug: lazy register asset handler effect
2026-2-3 23:19:24-debug: lazy register asset handler fbx
2026-2-3 23:19:24-debug: lazy register asset handler audio-clip
2026-2-3 23:19:24-debug: lazy register asset handler animation-graph
2026-2-3 23:19:24-debug: lazy register asset handler animation-graph-variant
2026-2-3 23:19:24-debug: lazy register asset handler animation-mask
2026-2-3 23:19:24-debug: lazy register asset handler animation-clip
2026-2-3 23:19:24-debug: lazy register asset handler particle
2026-2-3 23:19:24-debug: lazy register asset handler bitmap-font
2026-2-3 23:19:24-debug: lazy register asset handler auto-atlas
2026-2-3 23:19:24-debug: lazy register asset handler sprite-atlas
2026-2-3 23:19:24-debug: lazy register asset handler render-pipeline
2026-2-3 23:19:24-debug: lazy register asset handler ttf-font
2026-2-3 23:19:24-debug: lazy register asset handler label-atlas
2026-2-3 23:19:24-debug: lazy register asset handler render-stage
2026-2-3 23:19:24-debug: lazy register asset handler instantiation-material
2026-2-3 23:19:24-debug: lazy register asset handler instantiation-skeleton
2026-2-3 23:19:24-debug: lazy register asset handler instantiation-mesh
2026-2-3 23:19:24-debug: lazy register asset handler render-flow
2026-2-3 23:19:24-debug: lazy register asset handler instantiation-animation
2026-2-3 23:19:24-debug: lazy register asset handler video-clip
2026-2-3 23:19:24-debug: asset-db:worker-startup-database[assets] (24243ms)
2026-2-3 23:19:24-debug: asset-db:start-database (29066ms)
2026-2-3 23:19:24-debug: asset-db:ready (45319ms)
2026-2-3 23:19:24-debug: init worker message success
2026-2-3 23:19:25-debug: [Build Memory track]: builder:worker-init start:167.56MB, end 175.84MB, increase: 8.28MB
2026-2-3 23:19:25-debug: builder:worker-init (805ms)
2026-2-3 23:19:25-debug: programming:execute-script (810ms)
2026-2-3 23:56:11-debug: refresh db internal success
2026-2-3 23:56:11-debug: Run asset db hook engine-extends:afterRefresh ...
2026-2-3 23:56:11-debug: Run asset db hook engine-extends:afterRefresh success!
2026-2-3 23:56:11-debug: refresh db assets success
2026-2-3 23:56:11-debug: asset-db:refresh-all-database (232ms)
2026-2-3 23:56:11-debug: asset-db:worker-effect-data-processing (1ms)
2026-2-3 23:56:11-debug: asset-db-hook-engine-extends-afterRefresh (1ms)
2026-2-3 23:58:00-debug: refresh db internal success
2026-2-3 23:58:00-debug: refresh db assets success
2026-2-3 23:58:00-debug: Run asset db hook engine-extends:afterRefresh ...
2026-2-3 23:58:00-debug: Run asset db hook engine-extends:afterRefresh success!
2026-2-3 23:58:00-debug: asset-db:refresh-all-database (204ms)
2026-2-4 23:17:49-debug: refresh db internal success
2026-2-4 23:17:50-debug: refresh db assets success
2026-2-4 23:17:50-debug: Run asset db hook engine-extends:afterRefresh success!
2026-2-4 23:17:50-debug: Run asset db hook engine-extends:afterRefresh ...
2026-2-4 23:17:50-debug: asset-db:refresh-all-database (272ms)
2026-2-4 23:17:50-debug: asset-db:worker-effect-data-processing (1ms)
2026-2-4 23:17:50-debug: asset-db-hook-engine-extends-afterRefresh (1ms)
