2026-1-31 01:12:35-log: Cannot access game frame or container.
2026-1-31 01:12:35-debug: asset-db:require-engine-code (547ms)
2026-1-31 01:12:35-log: meshopt wasm decoder initialized
2026-1-31 01:12:35-log: [box2d]:box2d wasm lib loaded.
2026-1-31 01:12:35-log: [bullet]:bullet wasm lib loaded.
2026-1-31 01:12:35-log: Cocos Creator v3.8.3
2026-1-31 01:12:35-debug: [Assets Memory track]: asset-db:worker-init: initEngine start:25.74MB, end 77.37MB, increase: 51.63MB
2026-1-31 01:12:36-debug: [Assets Memory track]: asset-db-plugin-register: programming start:78.35MB, end 81.44MB, increase: 3.09MB
2026-1-31 01:12:37-debug: [Assets Memory track]: asset-db-plugin-register: project start:78.22MB, end 175.00MB, increase: 96.78MB
2026-1-31 01:12:37-debug: [Assets Memory track]: asset-db-plugin-register: builder start:81.46MB, end 178.92MB, increase: 97.46MB
2026-1-31 01:12:37-debug: [Assets Memory track]: asset-db:worker-init: initPlugin start:77.38MB, end 175.02MB, increase: 97.64MB
2026-1-31 01:12:37-debug: run package(taobao-mini-game) handler(enable) start
2026-1-31 01:12:37-debug: run package(vivo-mini-game) handler(enable) success!
2026-1-31 01:12:37-debug: run package(taobao-mini-game) handler(enable) success!
2026-1-31 01:12:37-debug: run package(vivo-mini-game) handler(enable) start
2026-1-31 01:12:37-debug: run package(web-desktop) handler(enable) success!
2026-1-31 01:12:37-debug: run package(web-desktop) handler(enable) start
2026-1-31 01:12:37-debug: run package(web-mobile) handler(enable) success!
2026-1-31 01:12:37-debug: run package(wechatgame) handler(enable) success!
2026-1-31 01:12:37-debug: run package(web-mobile) handler(enable) start
2026-1-31 01:12:37-debug: run package(wechatprogram) handler(enable) success!
2026-1-31 01:12:37-debug: run package(wechatgame) handler(enable) start
2026-1-31 01:12:37-debug: run package(wechatprogram) handler(enable) start
2026-1-31 01:12:37-debug: run package(windows) handler(enable) start
2026-1-31 01:12:37-debug: run package(cocos-service) handler(enable) start
2026-1-31 01:12:37-debug: run package(cocos-service) handler(enable) success!
2026-1-31 01:12:37-debug: run package(windows) handler(enable) success!
2026-1-31 01:12:37-debug: run package(xiaomi-quick-game) handler(enable) start
2026-1-31 01:12:37-debug: run package(im-plugin) handler(enable) start
2026-1-31 01:12:37-debug: run package(xiaomi-quick-game) handler(enable) success!
2026-1-31 01:12:37-debug: run package(im-plugin) handler(enable) success!
2026-1-31 01:12:37-debug: run package(check_pos_z) handler(enable) success!
2026-1-31 01:12:37-debug: run package(placeholder) handler(enable) start
2026-1-31 01:12:37-debug: run package(placeholder) handler(enable) success!
2026-1-31 01:12:37-debug: run package(check_pos_z) handler(enable) start
2026-1-31 01:12:37-debug: asset-db:worker-init: initPlugin (1429ms)
2026-1-31 01:12:37-debug: Run asset db hook programming:beforePreStart ...
2026-1-31 01:12:37-debug: Run asset db hook programming:beforePreStart success!
2026-1-31 01:12:37-debug: Run asset db hook engine-extends:beforePreStart success!
2026-1-31 01:12:37-debug: [Assets Memory track]: asset-db:worker-init start:25.74MB, end 175.73MB, increase: 149.99MB
2026-1-31 01:12:37-debug: Run asset db hook engine-extends:beforePreStart ...
2026-1-31 01:12:37-debug: asset-db:worker-init (2395ms)
2026-1-31 01:12:37-debug: asset-db-hook-programming-beforePreStart (166ms)
2026-1-31 01:12:37-debug: asset-db-hook-engine-extends-beforePreStart (165ms)
2026-1-31 01:12:37-debug: Preimport db internal success
2026-1-31 01:12:43-debug: Preimport db assets success
2026-1-31 01:12:43-debug: Run asset db hook programming:afterPreStart ...
2026-1-31 01:12:43-debug: starting packer-driver...
2026-1-31 01:12:46-debug: initialize scripting environment...
2026-1-31 01:12:46-debug: Set detail map pack:///resolution-detail-map.json: {}
2026-1-31 01:12:46-debug: Run asset db hook engine-extends:afterPreStart success!
2026-1-31 01:12:46-debug: Run asset db hook engine-extends:afterPreStart ...
2026-1-31 01:12:46-debug: Start up the 'internal' database...
2026-1-31 01:12:46-debug: Run asset db hook programming:afterPreStart success!
2026-1-31 01:12:46-debug: asset-db-hook-programming-afterPreStart (3564ms)
2026-1-31 01:12:46-debug: asset-db-hook-engine-extends-afterPreStart (226ms)
2026-1-31 01:12:46-debug: asset-db:worker-effect-data-processing (226ms)
2026-1-31 01:12:47-debug: Start up the 'assets' database...
2026-1-31 01:12:58-debug: asset-db:worker-startup-database[internal] (21208ms)
2026-1-31 01:12:59-debug: [Assets Memory track]: asset-db:worker-init: startup start:151.54MB, end 167.34MB, increase: 15.80MB
2026-1-31 01:12:59-debug: lazy register asset handler *
2026-1-31 01:12:59-debug: lazy register asset handler directory
2026-1-31 01:12:59-debug: lazy register asset handler text
2026-1-31 01:12:59-debug: lazy register asset handler json
2026-1-31 01:12:59-debug: lazy register asset handler spine-data
2026-1-31 01:12:59-debug: lazy register asset handler dragonbones
2026-1-31 01:12:59-debug: lazy register asset handler dragonbones-atlas
2026-1-31 01:12:59-debug: lazy register asset handler typescript
2026-1-31 01:12:59-debug: lazy register asset handler prefab
2026-1-31 01:12:59-debug: lazy register asset handler sprite-frame
2026-1-31 01:12:59-debug: lazy register asset handler terrain
2026-1-31 01:12:59-debug: lazy register asset handler javascript
2026-1-31 01:12:59-debug: lazy register asset handler tiled-map
2026-1-31 01:12:59-debug: lazy register asset handler buffer
2026-1-31 01:12:59-debug: lazy register asset handler image
2026-1-31 01:12:59-debug: lazy register asset handler alpha-image
2026-1-31 01:12:59-debug: lazy register asset handler texture
2026-1-31 01:12:59-debug: lazy register asset handler sign-image
2026-1-31 01:12:59-debug: lazy register asset handler erp-texture-cube
2026-1-31 01:12:59-debug: lazy register asset handler render-texture
2026-1-31 01:12:59-debug: lazy register asset handler texture-cube-face
2026-1-31 01:12:59-debug: lazy register asset handler scene
2026-1-31 01:12:59-debug: lazy register asset handler texture-cube
2026-1-31 01:12:59-debug: lazy register asset handler gltf
2026-1-31 01:12:59-debug: lazy register asset handler gltf-animation
2026-1-31 01:12:59-debug: lazy register asset handler gltf-mesh
2026-1-31 01:12:59-debug: lazy register asset handler gltf-material
2026-1-31 01:12:59-debug: lazy register asset handler gltf-scene
2026-1-31 01:12:59-debug: lazy register asset handler gltf-embeded-image
2026-1-31 01:12:59-debug: lazy register asset handler fbx
2026-1-31 01:12:59-debug: lazy register asset handler material
2026-1-31 01:12:59-debug: lazy register asset handler physics-material
2026-1-31 01:12:59-debug: lazy register asset handler gltf-skeleton
2026-1-31 01:12:59-debug: lazy register asset handler audio-clip
2026-1-31 01:12:59-debug: lazy register asset handler effect-header
2026-1-31 01:12:59-debug: lazy register asset handler animation-clip
2026-1-31 01:12:59-debug: lazy register asset handler animation-graph
2026-1-31 01:12:59-debug: lazy register asset handler animation-graph-variant
2026-1-31 01:12:59-debug: lazy register asset handler animation-mask
2026-1-31 01:12:59-debug: lazy register asset handler ttf-font
2026-1-31 01:12:59-debug: lazy register asset handler bitmap-font
2026-1-31 01:12:59-debug: lazy register asset handler particle
2026-1-31 01:12:59-debug: lazy register asset handler sprite-atlas
2026-1-31 01:12:59-debug: lazy register asset handler auto-atlas
2026-1-31 01:12:59-debug: lazy register asset handler rt-sprite-frame
2026-1-31 01:12:59-debug: lazy register asset handler render-pipeline
2026-1-31 01:12:59-debug: lazy register asset handler render-stage
2026-1-31 01:12:59-debug: lazy register asset handler label-atlas
2026-1-31 01:12:59-debug: lazy register asset handler render-flow
2026-1-31 01:12:59-debug: lazy register asset handler instantiation-material
2026-1-31 01:12:59-debug: lazy register asset handler effect
2026-1-31 01:12:59-debug: lazy register asset handler instantiation-animation
2026-1-31 01:12:59-debug: lazy register asset handler instantiation-skeleton
2026-1-31 01:12:59-debug: lazy register asset handler instantiation-mesh
2026-1-31 01:12:59-debug: lazy register asset handler video-clip
2026-1-31 01:12:59-debug: asset-db:worker-startup-database[assets] (21421ms)
2026-1-31 01:12:59-debug: asset-db:start-database (21697ms)
2026-1-31 01:12:59-debug: asset-db:ready (25940ms)
2026-1-31 01:12:59-debug: init worker message success
2026-1-31 01:12:59-debug: [Build Memory track]: builder:worker-init start:165.33MB, end 174.05MB, increase: 8.72MB
2026-1-31 01:12:59-debug: programming:execute-script (5ms)
2026-1-31 01:12:59-debug: builder:worker-init (355ms)
2026-1-31 01:15:25-debug: programming:execute-script (1ms)
2026-1-31 01:16:16-debug: refresh db internal success
2026-1-31 01:16:16-debug: refresh db assets success
2026-1-31 01:16:16-debug: Run asset db hook engine-extends:afterRefresh ...
2026-1-31 01:16:16-debug: Run asset db hook engine-extends:afterRefresh success!
2026-1-31 01:16:16-debug: asset-db:refresh-all-database (248ms)
2026-1-31 01:16:16-debug: asset-db:worker-effect-data-processing (1ms)
2026-1-31 01:16:16-debug: asset-db-hook-engine-extends-afterRefresh (1ms)
2026-1-31 01:34:43-debug: refresh db internal success
2026-1-31 01:34:44-debug: refresh db assets success
2026-1-31 01:34:44-debug: Run asset db hook engine-extends:afterRefresh ...
2026-1-31 01:34:44-debug: Run asset db hook engine-extends:afterRefresh success!
2026-1-31 01:34:44-debug: asset-db:refresh-all-database (190ms)
2026-1-31 01:34:44-debug: asset-db:worker-effect-data-processing (1ms)
2026-1-31 01:34:44-debug: asset-db-hook-engine-extends-afterRefresh (1ms)
