2026-4-23 02:38:43-log: Cannot access game frame or container.
2026-4-23 02:38:43-debug: asset-db:require-engine-code (540ms)
2026-4-23 02:38:43-log: meshopt wasm decoder initialized
2026-4-23 02:38:43-log: [box2d]:box2d wasm lib loaded.
2026-4-23 02:38:43-log: [bullet]:bullet wasm lib loaded.
2026-4-23 02:38:43-log: Cocos Creator v3.8.3
2026-4-23 02:38:43-debug: [Assets Memory track]: asset-db:worker-init: initEngine start:24.23MB, end 77.81MB, increase: 53.58MB
2026-4-23 02:38:43-debug: [Assets Memory track]: asset-db-plugin-register: programming start:78.80MB, end 82.10MB, increase: 3.30MB
2026-4-23 02:38:45-debug: [Assets Memory track]: asset-db-plugin-register: engine-extends start:203.98MB, end 207.18MB, increase: 3.21MB
2026-4-23 02:38:45-debug: [Assets Memory track]: asset-db-plugin-register: builder start:82.12MB, end 203.75MB, increase: 121.64MB
2026-4-23 02:38:45-debug: [Assets Memory track]: asset-db-plugin-register: project start:78.65MB, end 207.25MB, increase: 128.60MB
2026-4-23 02:38:45-debug: [Assets Memory track]: asset-db:worker-init: initPlugin start:77.82MB, end 207.27MB, increase: 129.45MB
2026-4-23 02:38:45-debug: run package(taobao-mini-game) handler(enable) start
2026-4-23 02:38:45-debug: run package(taobao-mini-game) handler(enable) success!
2026-4-23 02:38:45-debug: run package(vivo-mini-game) handler(enable) success!
2026-4-23 02:38:45-debug: run package(vivo-mini-game) handler(enable) start
2026-4-23 02:38:45-debug: run package(web-mobile) handler(enable) start
2026-4-23 02:38:45-debug: run package(web-desktop) handler(enable) success!
2026-4-23 02:38:45-debug: run package(web-mobile) handler(enable) success!
2026-4-23 02:38:45-debug: run package(wechatgame) handler(enable) start
2026-4-23 02:38:45-debug: run package(web-desktop) handler(enable) start
2026-4-23 02:38:45-debug: run package(wechatprogram) handler(enable) start
2026-4-23 02:38:45-debug: run package(wechatprogram) handler(enable) success!
2026-4-23 02:38:45-debug: run package(wechatgame) handler(enable) success!
2026-4-23 02:38:45-debug: run package(xiaomi-quick-game) handler(enable) start
2026-4-23 02:38:45-debug: run package(windows) handler(enable) start
2026-4-23 02:38:45-debug: run package(xiaomi-quick-game) handler(enable) success!
2026-4-23 02:38:45-debug: run package(cocos-service) handler(enable) success!
2026-4-23 02:38:45-debug: run package(im-plugin) handler(enable) start
2026-4-23 02:38:45-debug: run package(im-plugin) handler(enable) success!
2026-4-23 02:38:45-debug: run package(cocos-service) handler(enable) start
2026-4-23 02:38:45-debug: run package(check_pos_z) handler(enable) success!
2026-4-23 02:38:45-debug: run package(check_pos_z) handler(enable) start
2026-4-23 02:38:45-debug: run package(placeholder) handler(enable) success!
2026-4-23 02:38:45-debug: run package(placeholder) handler(enable) start
2026-4-23 02:38:45-debug: asset-db:worker-init: initPlugin (1424ms)
2026-4-23 02:38:45-debug: run package(windows) handler(enable) success!
2026-4-23 02:38:45-debug: [Assets Memory track]: asset-db:worker-init start:24.22MB, end 208.14MB, increase: 183.92MB
2026-4-23 02:38:45-debug: Run asset db hook programming:beforePreStart ...
2026-4-23 02:38:45-debug: Run asset db hook programming:beforePreStart success!
2026-4-23 02:38:45-debug: Run asset db hook engine-extends:beforePreStart success!
2026-4-23 02:38:45-debug: Run asset db hook engine-extends:beforePreStart ...
2026-4-23 02:38:45-debug: asset-db:worker-init (2398ms)
2026-4-23 02:38:45-debug: asset-db-hook-programming-beforePreStart (152ms)
2026-4-23 02:38:45-debug: asset-db-hook-engine-extends-beforePreStart (152ms)
2026-4-23 02:38:45-debug: Preimport db internal success
2026-4-23 02:38:49-debug: Preimport db assets success
2026-4-23 02:38:49-debug: Run asset db hook programming:afterPreStart ...
2026-4-23 02:38:49-debug: starting packer-driver...
2026-4-23 02:38:52-debug: initialize scripting environment...
2026-4-23 02:38:52-debug: Set detail map pack:///resolution-detail-map.json: {}
2026-4-23 02:38:52-debug: Run asset db hook engine-extends:afterPreStart ...
2026-4-23 02:38:52-debug: Run asset db hook programming:afterPreStart success!
2026-4-23 02:38:52-debug: Run asset db hook engine-extends:afterPreStart success!
2026-4-23 02:38:52-debug: [Assets Memory track]: asset-db:worker-init: preStart start:208.15MB, end 221.35MB, increase: 13.20MB
2026-4-23 02:38:52-debug: Start up the 'internal' database...
2026-4-23 02:38:53-debug: asset-db-hook-programming-afterPreStart (3733ms)
2026-4-23 02:38:53-debug: asset-db:worker-effect-data-processing (266ms)
2026-4-23 02:38:53-debug: asset-db-hook-engine-extends-afterPreStart (266ms)
2026-4-23 02:38:53-debug: Start up the 'assets' database...
2026-4-23 02:38:58-debug: asset-db:worker-startup-database[internal] (13773ms)
2026-4-23 02:38:59-debug: lazy register asset handler *
2026-4-23 02:38:59-debug: lazy register asset handler directory
2026-4-23 02:38:59-debug: lazy register asset handler text
2026-4-23 02:38:59-debug: lazy register asset handler json
2026-4-23 02:38:59-debug: lazy register asset handler spine-data
2026-4-23 02:38:59-debug: lazy register asset handler dragonbones
2026-4-23 02:38:59-debug: lazy register asset handler dragonbones-atlas
2026-4-23 02:38:59-debug: lazy register asset handler terrain
2026-4-23 02:38:59-debug: lazy register asset handler javascript
2026-4-23 02:38:59-debug: lazy register asset handler typescript
2026-4-23 02:38:59-debug: lazy register asset handler prefab
2026-4-23 02:38:59-debug: lazy register asset handler sprite-frame
2026-4-23 02:38:59-debug: lazy register asset handler tiled-map
2026-4-23 02:38:59-debug: lazy register asset handler buffer
2026-4-23 02:38:59-debug: lazy register asset handler sign-image
2026-4-23 02:38:59-debug: lazy register asset handler alpha-image
2026-4-23 02:38:59-debug: lazy register asset handler scene
2026-4-23 02:38:59-debug: lazy register asset handler texture-cube
2026-4-23 02:38:59-debug: lazy register asset handler erp-texture-cube
2026-4-23 02:38:59-debug: lazy register asset handler texture
2026-4-23 02:38:59-debug: lazy register asset handler render-texture
2026-4-23 02:38:59-debug: lazy register asset handler rt-sprite-frame
2026-4-23 02:38:59-debug: lazy register asset handler texture-cube-face
2026-4-23 02:38:59-debug: lazy register asset handler image
2026-4-23 02:38:59-debug: lazy register asset handler gltf-animation
2026-4-23 02:38:59-debug: lazy register asset handler gltf-skeleton
2026-4-23 02:38:59-debug: lazy register asset handler gltf-mesh
2026-4-23 02:38:59-debug: lazy register asset handler gltf-embeded-image
2026-4-23 02:38:59-debug: lazy register asset handler gltf
2026-4-23 02:38:59-debug: lazy register asset handler gltf-material
2026-4-23 02:38:59-debug: lazy register asset handler material
2026-4-23 02:38:59-debug: lazy register asset handler gltf-scene
2026-4-23 02:38:59-debug: lazy register asset handler physics-material
2026-4-23 02:38:59-debug: lazy register asset handler effect-header
2026-4-23 02:38:59-debug: lazy register asset handler audio-clip
2026-4-23 02:38:59-debug: lazy register asset handler animation-clip
2026-4-23 02:38:59-debug: lazy register asset handler animation-graph
2026-4-23 02:38:59-debug: lazy register asset handler animation-graph-variant
2026-4-23 02:38:59-debug: lazy register asset handler animation-mask
2026-4-23 02:38:59-debug: lazy register asset handler effect
2026-4-23 02:38:59-debug: lazy register asset handler bitmap-font
2026-4-23 02:38:59-debug: lazy register asset handler ttf-font
2026-4-23 02:38:59-debug: lazy register asset handler particle
2026-4-23 02:38:59-debug: lazy register asset handler sprite-atlas
2026-4-23 02:38:59-debug: lazy register asset handler label-atlas
2026-4-23 02:38:59-debug: lazy register asset handler render-pipeline
2026-4-23 02:38:59-debug: lazy register asset handler auto-atlas
2026-4-23 02:38:59-debug: lazy register asset handler render-stage
2026-4-23 02:38:59-debug: lazy register asset handler render-flow
2026-4-23 02:38:59-debug: lazy register asset handler fbx
2026-4-23 02:38:59-debug: lazy register asset handler instantiation-material
2026-4-23 02:38:59-debug: lazy register asset handler video-clip
2026-4-23 02:38:59-debug: lazy register asset handler instantiation-animation
2026-4-23 02:38:59-debug: lazy register asset handler instantiation-skeleton
2026-4-23 02:38:59-debug: lazy register asset handler instantiation-mesh
2026-4-23 02:38:59-debug: asset-db:worker-startup-database[assets] (14131ms)
2026-4-23 02:38:59-debug: init worker message success
2026-4-23 02:38:59-debug: asset-db:start-database (14784ms)
2026-4-23 02:38:59-debug: asset-db:ready (19063ms)
2026-4-23 02:39:00-debug: [Build Memory track]: builder:worker-init start:173.31MB, end 180.53MB, increase: 7.22MB
2026-4-23 02:39:00-debug: programming:execute-script (32ms)
2026-4-23 02:39:00-debug: builder:worker-init (340ms)
2026-4-23 02:39:03-debug: Query all assets info in project
2026-4-23 02:39:03-debug: init custom config: keepNodeUuid: false, useCache: true
2026-4-23 02:39:03-debug: 查询 Asset Bundle start, progress: 0%
2026-4-23 02:39:03-debug: // ---- build task 查询 Asset Bundle ----
2026-4-23 02:39:03-debug: Query preload assets from cc.config.json: 60f7195c-ec2a-45eb-ba94-8955f60e81d0,1c02ae6f-4492-4915-b8f8-7492a3b1e4cd,810e96e4-e456-4468-9b59-f4e8f39732c0,efe8e2a3-eace-427b-b4f1-cb8a937ec77d,e9aa9a3e-5b2b-4ac7-a2c7-073de2b2b24f,8bbdbcdd-5cd4-4100-b6d5-b7c9625b6107,50f4348b-c883-4e2f-8f11-ce233b859fa1,fda095cb-831d-4601-ad94-846013963de8,f92806d7-1768-443f-afe8-12bcde84d0f0,dd3a144d-ab7f-41f0-82b8-2e43a090d496,f0416e68-0200-4b77-a926-4f9d16e494da,511d2633-09a7-4bdd-ac42-f778032124b3,5d45aa00-e064-4938-b314-4265f0c2258c,9361fd90-ba52-4f84-aa93-6e878fd576ca,970b0598-bcb0-4714-91fb-2e81440dccd8,bcd64cc6-2dd9-43f6-abbe-66318d332032,d930590d-bb92-4cc8-8bd1-23cd027f9edf,a3cd009f-0ab0-420d-9278-b9fdab939bbc,d1346436-ac96-4271-b863-1f4fdead95b0,971bdb23-3ff6-43eb-b422-1c30165a3663,17debcc3-0a6b-4b8a-b00b-dc58b885581e,711ebe11-f673-4cd9-9a83-63c60ba54c5b,c0143906-9aed-447e-9436-2ae8512d1b6e,14da1725-c4c2-42b4-ab08-ee0aeb6898b3,081cab31-dccd-428e-8652-f2404cc81c47,78e0584a-4343-4727-8f37-e14e65c2a2db,871c3b6c-7379-419d-bda3-794b239ab90d,c27215d8-6835-4b68-bfbb-bdeac6100c04,b5d6115f-0370-4d7c-aad3-c194cc71cf98
2026-4-23 02:39:03-debug:   Number of all scenes: 37
2026-4-23 02:39:03-debug:   Number of all scripts: 319
2026-4-23 02:39:03-debug:   Number of other assets: 2401
2026-4-23 02:39:03-debug: // ---- build task 查询 Asset Bundle ---- (15ms)
2026-4-23 02:39:03-debug: run build task 查询 Asset Bundle success in 15 ms√, progress: 5%
2026-4-23 02:39:03-debug: [Build Memory track]: 查询 Asset Bundle start:179.30MB, end 177.81MB, increase: -1526.39KB
2026-4-23 02:39:03-debug: 查询 Asset Bundle start, progress: 5%
2026-4-23 02:39:03-debug: // ---- build task 查询 Asset Bundle ----
2026-4-23 02:39:03-debug: // ---- build task 查询 Asset Bundle ---- (5ms)
2026-4-23 02:39:03-debug: run build task 查询 Asset Bundle success in 5 ms√, progress: 10%
2026-4-23 02:39:03-debug: 整理部分构建选项内数据到 settings.json start, progress: 10%
2026-4-23 02:39:03-debug: [Build Memory track]: 查询 Asset Bundle start:177.82MB, end 178.40MB, increase: 586.28KB
2026-4-23 02:39:03-debug: // ---- build task 整理部分构建选项内数据到 settings.json ----
2026-4-23 02:39:03-debug: // ---- build task 整理部分构建选项内数据到 settings.json ---- (1ms)
2026-4-23 02:39:03-debug: run build task 整理部分构建选项内数据到 settings.json success in 1 ms√, progress: 12%
2026-4-23 02:39:03-debug: 填充脚本数据到 settings.json start, progress: 12%
2026-4-23 02:39:03-debug: [Build Memory track]: 整理部分构建选项内数据到 settings.json start:178.41MB, end 178.43MB, increase: 16.47KB
2026-4-23 02:39:03-debug: // ---- build task 填充脚本数据到 settings.json ----
2026-4-23 02:39:03-debug: // ---- build task 填充脚本数据到 settings.json ---- (1ms)
2026-4-23 02:39:03-debug: run build task 填充脚本数据到 settings.json success in 1 ms√, progress: 13%
2026-4-23 02:39:03-debug: [Build Memory track]: 填充脚本数据到 settings.json start:178.44MB, end 178.46MB, increase: 16.75KB
2026-4-23 02:39:03-debug: 整理部分构建选项内数据到 settings.json start, progress: 13%
2026-4-23 02:39:03-debug: // ---- build task 整理部分构建选项内数据到 settings.json ----
2026-4-23 02:39:03-debug: // ---- build task 整理部分构建选项内数据到 settings.json ---- (2ms)
2026-4-23 02:39:03-debug: run build task 整理部分构建选项内数据到 settings.json success in 2 ms√, progress: 15%
2026-4-23 02:39:03-debug: [Build Memory track]: 整理部分构建选项内数据到 settings.json start:178.47MB, end 178.60MB, increase: 131.59KB
2026-4-23 02:43:37-debug: refresh db internal success
2026-4-23 02:43:37-debug: refresh db assets success
2026-4-23 02:43:37-debug: Run asset db hook engine-extends:afterRefresh ...
2026-4-23 02:43:37-debug: Run asset db hook engine-extends:afterRefresh success!
2026-4-23 02:43:37-debug: asset-db:refresh-all-database (219ms)
2026-4-23 02:43:37-debug: asset-db:worker-effect-data-processing (1ms)
2026-4-23 02:43:37-debug: asset-db-hook-engine-extends-afterRefresh (1ms)
